Microchip MPLAB XC8 Compiler V2.31

Linker command line:

-W-3 --edf=C:\Program Files\Microchip\xc8\v2.31\pic\dat\en_msgs.txt -cn \
  -h+dist/default/production\Maestro.X.production.sym \
  --cmf=dist/default/production\Maestro.X.production.cmf -z -Q16F887 \
  -oC:\Users\betov\AppData\Local\Temp\sd6s.2 --defsym=__MPLAB_BUILD=1 \
  -Mdist/default/production/Maestro.X.production.map -E1 -ver=XC8 Compiler \
  --acfsm=1493 -ASTACK=0110h-016Fh -pstack=STACK -ACODE=00h-07FFhx4 \
  -ASTRCODE=00h-01FFFh -ASTRING=00h-0FFhx32 -ACONST=00h-0FFhx32 \
  -AENTRY=00h-0FFhx32 -ACOMMON=070h-07Fh -ABANK0=020h-06Fh \
  -ABANK1=0A0h-0EFh -ABANK2=0110h-016Fh -ABANK3=0190h-01EFh \
  -ARAM=020h-06Fh,0A0h-0EFh,0110h-016Fh,0190h-01EFh \
  -AABS1=020h-07Fh,0A0h-0EFh,0110h-016Fh,0190h-01EFh -ASFR0=00h-01Fh \
  -ASFR1=080h-09Fh -ASFR2=0100h-010Fh -ASFR3=0180h-018Fh \
  -ACONFIG=02007h-02008h -DCONFIG=2 -AIDLOC=02000h-02003h -DIDLOC=2 \
  -AEEDATA=00h-0FFh/02100h -peeprom_data=EEDATA -DEEDATA=2 -DCODE=2 \
  -DSTRCODE=2 -DSTRING=2 -DCONST=2 -DENTRY=2 \
  -preset_vec=00h,intentry,init,end_init -ppowerup=CODE -pcinit=CODE \
  -pfunctab=ENTRY -k C:\Users\betov\AppData\Local\Temp\sd6s.o \
  dist/default/production\Maestro.X.production.o 

Object code version is 3.11

Machine type is 16F887



                Name                               Link     Load   Length Selector   Space Scale
C:\Users\betov\AppData\Local\Temp\sd6s.o
                end_init                              0        0        3        0       0
                config                             2007     2007        2        0       4
dist/default/production\Maestro.X.production.o
                cinit                               7EF      7EF       11      FDE       0
                text2_split_1                       1E9      1E9      606      3D2       0
                config                             2007     2007        2        0       4
                text42                             1E89     1E89       BA     3D12       0
                text41                             1937     1937        7     326E       0
                text40                             1000     1000        9     193E       0
                text39                              800      800        6      FDE       0
                text38                             1BF5     1BF5       4E     37EA       0
                text37                             1B31     1B31       3E     3662       0
                text36                             19C1     19C1       22     3382       0
                text35                             196F     196F        D     32DE       0
                text34                             1E1F     1E1F       6A     3C3E       0
                text33                             1A06     1A06       24     340C       0
                text32                             19A4     19A4       1D     3348       0
                text31                             1B6F     1B6F       42     36DE       0
                text30                             1963     1963        C     32C6       0
                text29                             1A9A     1A9A       2B     3534       0
                text28                             1932     1932        5     3264       0
                text27                             193E     193E        8     327C       0
                text26                             194E     194E        A     329C       0
                text25                             1AC5     1AC5       32     358A       0
                text24                             198E     198E       16     331C       0
                text23                             19E3     19E3       23     33C6       0
                text22                             1C43     1C43       4E     3886       0
                text21                             1009     1009       A2     2012       0
                text20                             1958     1958        B     32B0       0
                text19                             12B6     12B6      288     256C       0
                text18                             1A2A     1A2A       24     3454       0
                text17                              806      806       7C     100C       0
                text16                             1CEA     1CEA       66     39D4       0
                text15                               C6       C6       56      18C       0
                text14                             1A4E     1A4E       25     349C       0
                text13                              882      882       BE     1104       0
                text12                             1F43     1F43       BD     3E86       0
                text11                             1A73     1A73       27     34E6       0
                text10                              C9F      C9F      361     193E       0
                text9                              1BB1     1BB1       44     3762       0
                text8                              1AF7     1AF7       3A     35EE       0
                text7                              10AB     10AB      20B     2156       0
                text6                              197C     197C       12     32F8       0
                text5                              1DB6     1DB6       69     3B6C       0
                text4                              1C91     1C91       59     3922       0
                text3                               940      940      35F     1280       0
                text2                              153E     153E      2C2     2A7C       0
                text1                              1D50     1D50       66     3AA0       0
                maintext                            11C      11C       CD      238       0
                cstackBANK0                          20       20       4E       20       1
                cstackCOMMON                         70       70        E       70       1
                cstackBANK1                          A0       A0       2E       A0       1
                clrtext                            1946     1946        8     328C       0
                bssBANK1                             CE       CE       1D       A0       1
                bssBANK0                             6E       6E        2       20       1
                strings                               3        3       C2        6       0

TOTAL           Name                               Link     Load   Length     Space
        CLASS   STACK          

        CLASS   CODE           
                end_init                              0        0        3         0
                cinit                               7EF      7EF       11         0
                text2_split_1                       1E9      1E9      606         0
                text42                             1E89     1E89       BA         0
                text41                             1937     1937        7         0
                text40                             1000     1000        9         0
                text39                              800      800        6         0
                text38                             1BF5     1BF5       4E         0
                text37                             1B31     1B31       3E         0
                text36                             19C1     19C1       22         0
                text35                             196F     196F        D         0
                text34                             1E1F     1E1F       6A         0
                text33                             1A06     1A06       24         0
                text32                             19A4     19A4       1D         0
                text31                             1B6F     1B6F       42         0
                text30                             1963     1963        C         0
                text29                             1A9A     1A9A       2B         0
                text28                             1932     1932        5         0
                text27                             193E     193E        8         0
                text26                             194E     194E        A         0
                text25                             1AC5     1AC5       32         0
                text24                             198E     198E       16         0
                text23                             19E3     19E3       23         0
                text22                             1C43     1C43       4E         0
                text21                             1009     1009       A2         0
                text20                             1958     1958        B         0
                text19                             12B6     12B6      288         0
                text18                             1A2A     1A2A       24         0
                text17                              806      806       7C         0
                text16                             1CEA     1CEA       66         0
                text15                               C6       C6       56         0
                text14                             1A4E     1A4E       25         0
                text13                              882      882       BE         0
                text12                             1F43     1F43       BD         0
                text11                             1A73     1A73       27         0
                text10                              C9F      C9F      361         0
                text9                              1BB1     1BB1       44         0
                text8                              1AF7     1AF7       3A         0
                text7                              10AB     10AB      20B         0
                text6                              197C     197C       12         0
                text5                              1DB6     1DB6       69         0
                text4                              1C91     1C91       59         0
                text3                               940      940      35F         0
                text2                              153E     153E      2C2         0
                text1                              1D50     1D50       66         0
                maintext                            11C      11C       CD         0
                clrtext                            1946     1946        8         0

        CLASS   STRCODE        

        CLASS   STRING         
                strings                               3        3       C2         0

        CLASS   CONST          

        CLASS   ENTRY          

        CLASS   COMMON         
                cstackCOMMON                         70       70        E         1

        CLASS   BANK0          
                cstackBANK0                          20       20       4E         1
                bssBANK0                             6E       6E        2         1

        CLASS   BANK1          
                cstackBANK1                          A0       A0       2E         1
                bssBANK1                             CE       CE       1D         1

        CLASS   BANK2          

        CLASS   BANK3          

        CLASS   RAM            

        CLASS   ABS1           
                abs_s1                               7E       7E        2         1

        CLASS   SFR0           

        CLASS   SFR1           

        CLASS   SFR2           

        CLASS   SFR3           

        CLASS   CONFIG         
                config                             2007     2007        2         4

        CLASS   IDLOC          

        CLASS   EEDATA         



SEGMENTS        Name                           Load    Length   Top    Selector   Space  Class     Delta

                reset_vec                      000000  000003  000003         0       0  CODE        2
                strings                        000003  0000C2  0000C5         6       0  STRING      2
                cstackBANK0                    000020  000050  000070        20       1  BANK0       1
                cstackCOMMON                   000070  00000E  00007E        70       1  COMMON      1
                cstackBANK1                    0000A0  00004B  0000EB        A0       1  BANK1       1
                text15                         0000C6  000056  00011C       18C       0  CODE        2
                maintext                       00011C  0000CD  0001E9       238       0  CODE        2
                text2_split_1                  0001E9  000606  0007EF       3D2       0  CODE        2
                cinit                          0007EF  000017  000806       FDE       0  CODE        2
                text17                         000806  00007C  000882      100C       0  CODE        2
                text13                         000882  0000BE  000940      1104       0  CODE        2
                text3                          000940  00035F  000C9F      1280       0  CODE        2
                text10                         000C9F  00036A  001009      193E       0  CODE        2
                text21                         001009  0000A2  0010AB      2012       0  CODE        2
                text7                          0010AB  00020B  0012B6      2156       0  CODE        2
                text19                         0012B6  000288  00153E      256C       0  CODE        2
                text2                          00153E  0002C2  001800      2A7C       0  CODE        2
                text28                         001932  000005  001937      3264       0  CODE        2
                text41                         001937  000007  00193E      326E       0  CODE        2
                text27                         00193E  000008  001946      327C       0  CODE        2
                clrtext                        001946  000008  00194E      328C       0  CODE        2
                text26                         00194E  00000A  001958      329C       0  CODE        2
                text20                         001958  00000B  001963      32B0       0  CODE        2
                text30                         001963  00000C  00196F      32C6       0  CODE        2
                text35                         00196F  00000D  00197C      32DE       0  CODE        2
                text6                          00197C  000012  00198E      32F8       0  CODE        2
                text24                         00198E  000016  0019A4      331C       0  CODE        2
                text32                         0019A4  00001D  0019C1      3348       0  CODE        2
                text36                         0019C1  000022  0019E3      3382       0  CODE        2
                text23                         0019E3  000023  001A06      33C6       0  CODE        2
                text33                         001A06  000024  001A2A      340C       0  CODE        2
                text18                         001A2A  000024  001A4E      3454       0  CODE        2
                text14                         001A4E  000025  001A73      349C       0  CODE        2
                text11                         001A73  000027  001A9A      34E6       0  CODE        2
                text29                         001A9A  00002B  001AC5      3534       0  CODE        2
                text25                         001AC5  000032  001AF7      358A       0  CODE        2
                text8                          001AF7  00003A  001B31      35EE       0  CODE        2
                text37                         001B31  00003E  001B6F      3662       0  CODE        2
                text31                         001B6F  000042  001BB1      36DE       0  CODE        2
                text9                          001BB1  000044  001BF5      3762       0  CODE        2
                text38                         001BF5  00004E  001C43      37EA       0  CODE        2
                text22                         001C43  00004E  001C91      3886       0  CODE        2
                text4                          001C91  000059  001CEA      3922       0  CODE        2
                text16                         001CEA  000066  001D50      39D4       0  CODE        2
                text1                          001D50  000066  001DB6      3AA0       0  CODE        2
                text5                          001DB6  000069  001E1F      3B6C       0  CODE        2
                text34                         001E1F  00006A  001E89      3C3E       0  CODE        2
                text42                         001E89  0000BA  001F43      3D12       0  CODE        2
                text12                         001F43  0000BD  002000      3E86       0  CODE        2


UNUSED ADDRESS RANGES

        Name                Unused          Largest block    Delta
        BANK1            000EB-000EF               5           1
        BANK2            00110-0016F              60           1
        BANK3            00190-001EF              60           1
        CODE             000C5-000C5               1           2
                         01800-01931             132
        CONST            000C5-000C5               1           2
                         01800-01931             100
        EEDATA           02100-021FF             100           2
        ENTRY            000C5-000C5               1           2
                         01800-01931             100
        IDLOC            02000-02003               4           2
        RAM              000EB-000EF               5           1
                         00110-0016F              60
                         00190-001EF              60
        SFR0             00000-0001F              20           1
        SFR1             00080-0009F              20           1
        SFR2             00100-0010F              10           1
        SFR3             00180-0018F              10           1
        STACK            00110-0016F              60           1
        STRCODE          000C5-000C5               1           2
                         01800-01931             132
        STRING           000C5-000C5               1           2
                         01800-01931             100

                                  Symbol Table

?__Umul8_16                  cstackCOMMON 00070
?___awdiv                    cstackCOMMON 00077
?___awmod                    cstackCOMMON 00070
?___fladd                    cstackBANK0  00052
?___flmul                    cstackBANK0  00024
?___flneg                    cstackCOMMON 00070
?___flsub                    cstackBANK0  00066
?___fltol                    cstackBANK0  00051
?___lldiv                    cstackCOMMON 00070
?___llmod                    cstackBANK0  00020
?___lwdiv                    cstackCOMMON 00076
?___lwmod                    cstackCOMMON 00070
?___wmul                     cstackCOMMON 00070
?___xxtofl                   cstackCOMMON 00070
?__div_to_l_                 cstackCOMMON 00070
?__tdiv_to_l_                cstackCOMMON 00070
?_fround                     cstackBANK0  0003E
?_scale                      cstackBANK0  0003E
?_sprintf                    cstackBANK1  000A0
?_temperatura                cstackBANK0  00020
LCD_CMD@a                    cstackCOMMON 00072
Lcd_Set_Cursor@a             cstackCOMMON 00077
Lcd_Set_Cursor@x             cstackCOMMON 00076
Lcd_Set_Cursor@y             cstackCOMMON 00074
Lcd_Write_String@a           cstackCOMMON 00073
Lcd_Write_String@i           cstackCOMMON 00078
Puerto@x                     cstackCOMMON 00070
Write_USART@a                cstackCOMMON 00070
Write_USART_String@a         cstackCOMMON 00071
Write_USART_String@i         cstackCOMMON 00074
_ADC_lectura                 text38       01BF5
_ANSEL                       (abs)        00188
_ANSELH                      (abs)        00189
_LCD_CMD                     text32       019A4
_LCD_Limpia                  text35       0196F
_Lcd_Init                    text34       01E1F
_Lcd_Set_Cursor              text33       01A06
_Lcd_Write_String            text31       01B6F
_PORTB                       (abs)        00006
_PORTCbits                   (abs)        00007
_PORTD                       (abs)        00008
_PORTE                       (abs)        00009
_Puerto                      text37       01B31
_RCIF                        (abs)        00065
_RCREG                       (abs)        0001A
_RCSTAbits                   (abs)        00018
_RD0                         (abs)        00040
_RD1                         (abs)        00041
_RD2                         (abs)        00042
_RD3                         (abs)        00043
_RD4                         (abs)        00044
_RD5                         (abs)        00045
_RD6                         (abs)        00046
_RD7                         (abs)        00047
_RE0                         (abs)        00048
_RE1                         (abs)        00049
_SPBRG                       (abs)        00099
_SSPBUF                      (abs)        00013
_SSPCON                      (abs)        00014
_SSPSTAT                     (abs)        00094
_SSPSTATbits                 (abs)        00094
_TRISB                       (abs)        00086
_TRISC0                      (abs)        00438
_TRISC1                      (abs)        00439
_TRISC2                      (abs)        0043A
_TRISC3                      (abs)        0043B
_TRISC5                      (abs)        0043D
_TRISD                       (abs)        00088
_TRISE                       (abs)        00089
_TRMT                        (abs)        004C1
_TXREG                       (abs)        00019
_TXSTAbits                   (abs)        00098
_Write_USART                 text30       01963
_Write_USART_String          text29       01A9A
__Habs1                      abs1         00000
__Hbank0                     bank0        00000
__Hbank1                     bank1        00000
__Hbank2                     bank2        00000
__Hbank3                     bank3        00000
__HbssBANK0                  bssBANK0     00000
__HbssBANK1                  bssBANK1     00000
__Hcinit                     cinit        00800
__Hclrtext                   clrtext      00000
__Hcode                      code         00000
__Hcommon                    common       00000
__Hconfig                    config       02009
__HcstackBANK0               cstackBANK0  00000
__HcstackBANK1               cstackBANK1  00000
__HcstackCOMMON              cstackCOMMON 00000
__Heeprom_data               eeprom_data  00000
__Hend_init                  end_init     00003
__Hfunctab                   functab      00000
__Hinit                      init         00000
__Hintentry                  intentry     00000
__Hmaintext                  maintext     00000
__Hpowerup                   powerup      00000
__Hram                       ram          00000
__Hreset_vec                 reset_vec    00000
__Hsfr0                      sfr0         00000
__Hsfr1                      sfr1         00000
__Hsfr2                      sfr2         00000
__Hsfr3                      sfr3         00000
__Hspace_0                   (abs)        02000
__Hspace_1                   (abs)        000EB
__Hspace_2                   (abs)        00000
__Hspace_3                   (abs)        00000
__Hspace_4                   (abs)        04010
__Hstack                     stack        00000
__Hstrings                   strings      00000
__Htext                      text         00000
__Labs1                      abs1         00000
__Lbank0                     bank0        00000
__Lbank1                     bank1        00000
__Lbank2                     bank2        00000
__Lbank3                     bank3        00000
__LbssBANK0                  bssBANK0     00000
__LbssBANK1                  bssBANK1     00000
__Lcinit                     cinit        007EF
__Lclrtext                   clrtext      00000
__Lcode                      code         00000
__Lcommon                    common       00000
__Lconfig                    config       00000
__LcstackBANK0               cstackBANK0  00000
__LcstackBANK1               cstackBANK1  00000
__LcstackCOMMON              cstackCOMMON 00000
__Leeprom_data               eeprom_data  00000
__Lend_init                  end_init     00000
__Lfunctab                   functab      00000
__Linit                      init         00000
__Lintentry                  intentry     00000
__Lmaintext                  maintext     00000
__Lpowerup                   powerup      00000
__Lram                       ram          00000
__Lreset_vec                 reset_vec    00000
__Lsfr0                      sfr0         00000
__Lsfr1                      sfr1         00000
__Lsfr2                      sfr2         00000
__Lsfr3                      sfr3         00000
__Lspace_0                   (abs)        00000
__Lspace_1                   (abs)        00000
__Lspace_2                   (abs)        00000
__Lspace_3                   (abs)        00000
__Lspace_4                   (abs)        00000
__Lstack                     stack        00000
__Lstrings                   strings      00000
__Ltext                      text         00000
__S0                         (abs)        02000
__S1                         (abs)        000EB
__S2                         (abs)        00000
__S3                         (abs)        00000
__Umul8_16                   text11       01A73
__Umul8_16@multiplicand      cstackCOMMON 00070
__Umul8_16@multiplier        cstackCOMMON 00078
__Umul8_16@product           cstackCOMMON 00074
__Umul8_16@word_mpld         cstackCOMMON 00076
___awdiv                     text5        01DB6
___awdiv@counter             cstackBANK0  00020
___awdiv@dividend            cstackCOMMON 00079
___awdiv@divisor             cstackCOMMON 00077
___awdiv@quotient            cstackBANK0  00022
___awdiv@sign                cstackBANK0  00021
___awmod                     text4        01C91
___awmod@counter             cstackCOMMON 00075
___awmod@dividend            cstackCOMMON 00072
___awmod@divisor             cstackCOMMON 00070
___awmod@sign                cstackCOMMON 00076
___fladd                     text19       012B6
___fladd@a                   cstackBANK0  00056
___fladd@aexp                cstackBANK0  00063
___fladd@b                   cstackBANK0  00052
___fladd@bexp                cstackBANK0  00064
___fladd@grs                 cstackBANK0  00065
___fladd@signs               cstackBANK0  00062
___fleq                      text22       01C43
___fleq@ff1                  cstackCOMMON 00070
___fleq@ff2                  cstackCOMMON 00074
___flge                      text21       01009
___flge@ff1                  cstackCOMMON 00070
___flge@ff2                  cstackCOMMON 00074
___flmul                     text10       00C9F
___flmul@a                   cstackBANK0  00028
___flmul@aexp                cstackBANK0  00036
___flmul@b                   cstackBANK0  00024
___flmul@bexp                cstackBANK0  00037
___flmul@grs                 cstackBANK0  00032
___flmul@prod                cstackBANK0  00038
___flmul@sign                cstackBANK0  00031
___flmul@temp                cstackBANK0  0003C
___flneg                     text20       01958
___flneg@f1                  cstackCOMMON 00070
___flsub                     text18       01A2A
___flsub@a                   cstackBANK0  00066
___flsub@b                   cstackBANK0  0006A
___fltol                     text17       00806
___fltol@exp1                cstackBANK0  0005B
___fltol@f1                  cstackBANK0  00051
___fltol@sign1               cstackBANK0  0005A
___int_sp                    stack        00000
___latbits                   (abs)        00002
___lldiv                     text16       01CEA
___lldiv@counter             cstackCOMMON 0007D
___lldiv@dividend            cstackCOMMON 00074
___lldiv@divisor             cstackCOMMON 00070
___lldiv@quotient            cstackCOMMON 00079
___llmod                     text15       000C6
___llmod@counter             cstackBANK0  00029
___llmod@dividend            cstackBANK0  00024
___llmod@divisor             cstackBANK0  00020
___lwdiv                     text9        01BB1
___lwdiv@counter             cstackCOMMON 0007D
___lwdiv@dividend            cstackCOMMON 00078
___lwdiv@divisor             cstackCOMMON 00076
___lwdiv@quotient            cstackCOMMON 0007B
___lwmod                     text8        01AF7
___lwmod@counter             cstackCOMMON 00075
___lwmod@dividend            cstackCOMMON 00072
___lwmod@divisor             cstackCOMMON 00070
___sp                        stack        00000
___stackhi                   (abs)        00000
___stacklo                   (abs)        00000
___wmul                      text14       01A4E
___wmul@multiplicand         cstackCOMMON 00072
___wmul@multiplier           cstackCOMMON 00070
___wmul@product              cstackCOMMON 00074
___xxtofl                    text42       01E89
___xxtofl@arg                cstackCOMMON 0007A
___xxtofl@exp                cstackCOMMON 00079
___xxtofl@sign               cstackCOMMON 00078
___xxtofl@val                cstackCOMMON 00070
__baudios                    text28       01932
__div_to_l_                  text13       00882
__div_to_l_@cntr             cstackBANK0  00024
__div_to_l_@exp1             cstackBANK0  00025
__div_to_l_@f1               cstackCOMMON 00070
__div_to_l_@f2               cstackCOMMON 00074
__div_to_l_@quot             cstackBANK0  00020
__end_of_ADC_lectura         text38       01C43
__end_of_LCD_CMD             text32       019C1
__end_of_LCD_Limpia          text35       0197C
__end_of_Lcd_Init            text34       01E89
__end_of_Lcd_Set_Cursor      text33       01A2A
__end_of_Lcd_Write_String    text31       01BB1
__end_of_Puerto              text37       01B6F
__end_of_Write_USART         text30       0196F
__end_of_Write_USART_String  text29       01AC5
__end_of__Umul8_16           text11       01A9A
__end_of___awdiv             text5        01E1F
__end_of___awmod             text4        01CEA
__end_of___fladd             text19       0153E
__end_of___fleq              text22       01C91
__end_of___flge              text21       010AB
__end_of___flmul             text10       01000
__end_of___flneg             text20       01963
__end_of___flsub             text18       01A4E
__end_of___fltol             text17       00882
__end_of___lldiv             text16       01D50
__end_of___llmod             text15       0011C
__end_of___lwdiv             text9        01BF5
__end_of___lwmod             text8        01B31
__end_of___wmul              text14       01A73
__end_of___xxtofl            text42       01F43
__end_of__baudios            text28       01937
__end_of__div_to_l_          text13       00940
__end_of__initialization     cinit        007FC
__end_of__npowers_           strings      0007B
__end_of__powers_            strings      00047
__end_of__stringtab          strings      00013
__end_of__tdiv_to_l_         text12       02000
__end_of_config_rcsta        text27       01946
__end_of_config_txsta        text26       01958
__end_of_contador            text25       01AF7
__end_of_datosLCD            text36       019E3
__end_of_dpowers             strings      000A3
__end_of_fround              text7        012B6
__end_of_isdigit             text6        0198E
__end_of_main                maintext     001E9
__end_of_scale               text3        00C9F
__end_of_setup               text23       01A06
__end_of_spiInit             text24       019A4
__end_of_spiRead             text40       01009
__end_of_spiReceiveWait      text41       0193E
__end_of_spiWrite            text39       00806
__end_of_sprintf             text2_split_1 007EF
__end_of_temperatura         text1        01DB6
__initialization             cinit        007EF
__npowers_                   strings      00047
__pbssBANK0                  bssBANK0     0006E
__pbssBANK1                  bssBANK1     000CE
__pcstackBANK0               cstackBANK0  00020
__pcstackBANK1               cstackBANK1  000A0
__pcstackCOMMON              cstackCOMMON 00070
__pmaintext                  maintext     0011C
__powers_                    strings      00013
__pstrings                   strings      00003
__ptext1                     text1        01D50
__ptext10                    text10       00C9F
__ptext11                    text11       01A73
__ptext12                    text12       01F43
__ptext13                    text13       00882
__ptext14                    text14       01A4E
__ptext15                    text15       000C6
__ptext16                    text16       01CEA
__ptext17                    text17       00806
__ptext18                    text18       01A2A
__ptext19                    text19       012B6
__ptext2                     text2        0153E
__ptext20                    text20       01958
__ptext21                    text21       01009
__ptext22                    text22       01C43
__ptext23                    text23       019E3
__ptext24                    text24       0198E
__ptext25                    text25       01AC5
__ptext26                    text26       0194E
__ptext27                    text27       0193E
__ptext28                    text28       01932
__ptext29                    text29       01A9A
__ptext3                     text3        00940
__ptext30                    text30       01963
__ptext31                    text31       01B6F
__ptext32                    text32       019A4
__ptext33                    text33       01A06
__ptext34                    text34       01E1F
__ptext35                    text35       0196F
__ptext36                    text36       019C1
__ptext37                    text37       01B31
__ptext38                    text38       01BF5
__ptext39                    text39       00800
__ptext4                     text4        01C91
__ptext40                    text40       01000
__ptext41                    text41       01937
__ptext42                    text42       01E89
__ptext5                     text5        01DB6
__ptext6                     text6        0197C
__ptext7                     text7        010AB
__ptext8                     text8        01AF7
__ptext9                     text9        01BB1
__size_of_ADC_lectura        (abs)        00000
__size_of_LCD_CMD            (abs)        00000
__size_of_LCD_Limpia         (abs)        00000
__size_of_Lcd_Init           (abs)        00000
__size_of_Lcd_Set_Cursor     (abs)        00000
__size_of_Lcd_Write_String   (abs)        00000
__size_of_Puerto             (abs)        00000
__size_of_Write_USART        (abs)        00000
__size_of_Write_USART_String (abs)        00000
__size_of__Umul8_16          (abs)        00000
__size_of___awdiv            (abs)        00000
__size_of___awmod            (abs)        00000
__size_of___fladd            (abs)        00000
__size_of___fleq             (abs)        00000
__size_of___flge             (abs)        00000
__size_of___flmul            (abs)        00000
__size_of___flneg            (abs)        00000
__size_of___flsub            (abs)        00000
__size_of___fltol            (abs)        00000
__size_of___lldiv            (abs)        00000
__size_of___llmod            (abs)        00000
__size_of___lwdiv            (abs)        00000
__size_of___lwmod            (abs)        00000
__size_of___wmul             (abs)        00000
__size_of___xxtofl           (abs)        00000
__size_of__baudios           (abs)        00000
__size_of__div_to_l_         (abs)        00000
__size_of__tdiv_to_l_        (abs)        00000
__size_of_config_rcsta       (abs)        00000
__size_of_config_txsta       (abs)        00000
__size_of_contador           (abs)        00000
__size_of_datosLCD           (abs)        00000
__size_of_fround             (abs)        00000
__size_of_isdigit            (abs)        00000
__size_of_main               (abs)        00000
__size_of_scale              (abs)        00000
__size_of_setup              (abs)        00000
__size_of_spiInit            (abs)        00000
__size_of_spiRead            (abs)        00000
__size_of_spiReceiveWait     (abs)        00000
__size_of_spiWrite           (abs)        00000
__size_of_sprintf            (abs)        00000
__size_of_temperatura        (abs)        00000
__stringbase                 strings      00012
__stringtab                  strings      00003
__tdiv_to_l_                 text12       01F43
__tdiv_to_l_@cntr            cstackBANK0  00024
__tdiv_to_l_@exp1            cstackBANK0  00025
__tdiv_to_l_@f1              cstackCOMMON 00070
__tdiv_to_l_@f2              cstackCOMMON 00074
__tdiv_to_l_@quot            cstackBANK0  00020
_config_rcsta                text27       0193E
_config_txsta                text26       0194E
_cont                        bssBANK0     0006F
_contador                    text25       01AC5
_data                        bssBANK1     000D7
_datosLCD                    text36       019C1
_dpowers                     strings      0007B
_fround                      text7        010AB
_fround$1137                 cstackBANK0  0004D
_fround$1138                 cstackBANK0  00049
_isdigit                     text6        0197C
_isdigit$951                 cstackCOMMON 00070
_main                        maintext     0011C
_scale                       text3        00940
_scale$1139                  cstackBANK0  0004C
_setup                       text23       019E3
_spiInit                     text24       0198E
_spiRead                     text40       01000
_spiReceiveWait              text41       01937
_spiWrite                    text39       00800
_sprintf                     text2        0153E
_sprintf$1140                cstackBANK1  000B0
_temp                        bssBANK1     000CE
_temperatura                 text1        01D50
_v1                          bssBANK1     000D2
btemp                        (abs)        0007E
clear_ram0                   clrtext      01946
datosLCD@x                   cstackCOMMON 00073
end_of_initialization        cinit        007FC
fround@prec                  cstackBANK0  00051
intlevel0                    functab      00000
intlevel1                    functab      00000
intlevel2                    functab      00000
intlevel3                    functab      00000
intlevel4                    functab      00000
intlevel5                    functab      00000
isdigit@c                    cstackCOMMON 00071
pnum$text2                   (abs)        0000C
pnum$text2_split_1           (abs)        00036
psplit$0                     (abs)        C0036
reset_vec                    reset_vec    00000
scale@scl                    cstackBANK0  00050
spiInit@sClockIdle           cstackCOMMON 00071
spiInit@sDataSample          cstackCOMMON 00070
spiInit@sTransmitEdge        cstackCOMMON 00072
spiInit@sType                cstackCOMMON 00073
spiWrite@dat                 cstackCOMMON 00070
sprintf@ap                   cstackBANK1  000B4
sprintf@c                    cstackBANK1  000CA
sprintf@eexp                 cstackBANK1  000C1
sprintf@f                    cstackBANK1  000A0
sprintf@flag                 cstackBANK1  000B5
sprintf@fval                 cstackBANK1  000C3
sprintf@prec                 cstackBANK1  000C8
sprintf@sp                   cstackBANK1  000C7
sprintf@tmpval               cstackBANK1  000B9
sprintf@val                  cstackBANK1  000BD
sprintf@width                cstackBANK1  000B7
start                        init         00000
start_initialization         cinit        007EF
wtemp0                       (abs)        0007E


FUNCTION INFORMATION:

 *************** function _main *****************
 Defined at:
		line 56 in file "Mast.c"
 Parameters:    Size  Location     Type
		None
 Auto vars:     Size  Location     Type
		None
 Return value:  Size  Location     Type
                  1    wreg      void 
 Registers used:
		wreg, fsr0l, fsr0h, status,2, status,0, btemp+1, pclath, cstack
 Tracked objects:
		On entry : 
		On exit  : 
		Unchanged: 
 Data sizes:     COMMON   BANK0   BANK1   BANK3   BANK2
      Params:         0       0       0       0       0
      Locals:         0       0       0       0       0
      Temps:          0       0       3       0       0
      Totals:         0       0       3       0       0
Total ram usage:        3 bytes
 Hardware stack levels required when called:    4
 This function calls:
		_ADC_lectura
		_LCD_Limpia
		_Lcd_Init
		_Lcd_Set_Cursor
		_Lcd_Write_String
		_Write_USART
		_Write_USART_String
		__baudios
		_config_rcsta
		_config_txsta
		_contador
		_setup
		_sprintf
		_temperatura
 This function is called by:
		Startup code after reset
 This function uses a non-reentrant model


 *************** function _temperatura *****************
 Defined at:
		line 117 in file "Mast.c"
 Parameters:    Size  Location     Type
		None
 Auto vars:     Size  Location     Type
		None
 Return value:  Size  Location     Type
                  4    0[BANK0 ] float 
 Registers used:
		wreg, status,2, status,0, pclath, cstack
 Tracked objects:
		On entry : 
		On exit  : 
		Unchanged: 
 Data sizes:     COMMON   BANK0   BANK1   BANK3   BANK2
      Params:         0       4       0       0       0
      Locals:         0       0       0       0       0
      Temps:          0       4       0       0       0
      Totals:         0       8       0       0       0
Total ram usage:        8 bytes
 Hardware stack levels used:    1
 Hardware stack levels required when called:    2
 This function calls:
		___xxtofl
		_spiRead
		_spiWrite
 This function is called by:
		_main
 This function uses a non-reentrant model


 *************** function _sprintf *****************
 Defined at:
		line 505 in file "C:\Program Files\Microchip\xc8\v2.31\pic\sources\c90\common\doprnt.c"
 Parameters:    Size  Location     Type
  sp              1    wreg     PTR unsigned char 
		 -> data(20), 
  f               1    0[BANK1 ] PTR const unsigned char 
		 -> STR_2(19), 
 Auto vars:     Size  Location     Type
  sp              1   39[BANK1 ] PTR unsigned char 
		 -> data(20), 
  fval            4   35[BANK1 ] PTR unsigned char 
  val             4   29[BANK1 ] unsigned long 
  tmpval          4   25[BANK1 ] struct .
  prec            2   40[BANK1 ] int 
  eexp            2   33[BANK1 ] int 
  width           2   23[BANK1 ] int 
  flag            2   21[BANK1 ] unsigned short 
  cp              2    0        PTR const unsigned char 
  len             2    0        unsigned int 
  c               1   42[BANK1 ] unsigned char 
  ap              1   20[BANK1 ] PTR void [1]
		 -> ?_sprintf(2), 
  d               1    0        unsigned char 
 Return value:  Size  Location     Type
                  2    0[BANK1 ] int 
 Registers used:
		wreg, fsr0l, fsr0h, status,2, status,0, btemp+1, pclath, cstack
 Tracked objects:
		On entry : 
		On exit  : 
		Unchanged: 
 Data sizes:     COMMON   BANK0   BANK1   BANK3   BANK2
      Params:         0       0      11       0       0
      Locals:         0       0      27       0       0
      Temps:          0       0       5       0       0
      Totals:         0       0      43       0       0
Total ram usage:       43 bytes
 Hardware stack levels used:    1
 Hardware stack levels required when called:    3
 This function calls:
		___awdiv
		___fladd
		___fleq
		___flge
		___flmul
		___flneg
		___flsub
		___fltol
		___lldiv
		___llmod
		___wmul
		___xxtofl
		__div_to_l_
		__tdiv_to_l_
		_fround
		_isdigit
		_scale
 This function is called by:
		_main
 This function uses a non-reentrant model


 *************** function _scale *****************
 Defined at:
		line 433 in file "C:\Program Files\Microchip\xc8\v2.31\pic\sources\c90\common\doprnt.c"
 Parameters:    Size  Location     Type
  scl             1    wreg     char 
 Auto vars:     Size  Location     Type
  scl             1   48[BANK0 ] char 
 Return value:  Size  Location     Type
                  4   30[BANK0 ] char 
 Registers used:
		wreg, fsr0l, fsr0h, status,2, status,0, btemp+1, pclath, cstack
 Tracked objects:
		On entry : 
		On exit  : 
		Unchanged: 
 Data sizes:     COMMON   BANK0   BANK1   BANK3   BANK2
      Params:         0       4       0       0       0
      Locals:         0       5       0       0       0
      Temps:          0      10       0       0       0
      Totals:         0      19       0       0       0
Total ram usage:       19 bytes
 Hardware stack levels used:    1
 Hardware stack levels required when called:    2
 This function calls:
		___awdiv
		___awmod
		___flmul
 This function is called by:
		_sprintf
 This function uses a non-reentrant model


 *************** function ___awmod *****************
 Defined at:
		line 5 in file "C:\Program Files\Microchip\xc8\v2.31\pic\sources\c90\common\awmod.c"
 Parameters:    Size  Location     Type
  divisor         2    0[COMMON] int 
  dividend        2    2[COMMON] int 
 Auto vars:     Size  Location     Type
  sign            1    6[COMMON] unsigned char 
  counter         1    5[COMMON] unsigned char 
 Return value:  Size  Location     Type
                  2    0[COMMON] int 
 Registers used:
		wreg, status,2, status,0
 Tracked objects:
		On entry : 
		On exit  : 
		Unchanged: 
 Data sizes:     COMMON   BANK0   BANK1   BANK3   BANK2
      Params:         4       0       0       0       0
      Locals:         2       0       0       0       0
      Temps:          1       0       0       0       0
      Totals:         7       0       0       0       0
Total ram usage:        7 bytes
 Hardware stack levels used:    1
 This function calls:
		Nothing
 This function is called by:
		_scale
 This function uses a non-reentrant model


 *************** function ___awdiv *****************
 Defined at:
		line 5 in file "C:\Program Files\Microchip\xc8\v2.31\pic\sources\c90\common\awdiv.c"
 Parameters:    Size  Location     Type
  divisor         2    7[COMMON] int 
  dividend        2    9[COMMON] int 
 Auto vars:     Size  Location     Type
  quotient        2    2[BANK0 ] int 
  sign            1    1[BANK0 ] unsigned char 
  counter         1    0[BANK0 ] unsigned char 
 Return value:  Size  Location     Type
                  2    7[COMMON] int 
 Registers used:
		wreg, status,2, status,0
 Tracked objects:
		On entry : 
		On exit  : 
		Unchanged: 
 Data sizes:     COMMON   BANK0   BANK1   BANK3   BANK2
      Params:         4       0       0       0       0
      Locals:         0       4       0       0       0
      Temps:          1       0       0       0       0
      Totals:         5       4       0       0       0
Total ram usage:        9 bytes
 Hardware stack levels used:    1
 This function calls:
		Nothing
 This function is called by:
		_scale
		_sprintf
 This function uses a non-reentrant model


 *************** function _isdigit *****************
 Defined at:
		line 8 in file "C:\Program Files\Microchip\xc8\v2.31\pic\sources\c90\common\isdigit.c"
 Parameters:    Size  Location     Type
  c               1    wreg     unsigned char 
 Auto vars:     Size  Location     Type
  c               1    1[COMMON] unsigned char 
 Return value:  Size  Location     Type
		None               void
 Registers used:
		wreg, status,2, status,0
 Tracked objects:
		On entry : 
		On exit  : 
		Unchanged: 
 Data sizes:     COMMON   BANK0   BANK1   BANK3   BANK2
      Params:         0       0       0       0       0
      Locals:         2       0       0       0       0
      Temps:          0       0       0       0       0
      Totals:         2       0       0       0       0
Total ram usage:        2 bytes
 Hardware stack levels used:    1
 This function calls:
		Nothing
 This function is called by:
		_sprintf
 This function uses a non-reentrant model


 *************** function _fround *****************
 Defined at:
		line 417 in file "C:\Program Files\Microchip\xc8\v2.31\pic\sources\c90\common\doprnt.c"
 Parameters:    Size  Location     Type
  prec            1    wreg     unsigned char 
 Auto vars:     Size  Location     Type
  prec            1   49[BANK0 ] unsigned char 
 Return value:  Size  Location     Type
                  4   30[BANK0 ] unsigned char 
 Registers used:
		wreg, fsr0l, fsr0h, status,2, status,0, btemp+1, pclath, cstack
 Tracked objects:
		On entry : 
		On exit  : 
		Unchanged: 
 Data sizes:     COMMON   BANK0   BANK1   BANK3   BANK2
      Params:         0       4       0       0       0
      Locals:         0       9       0       0       0
      Temps:          0       7       0       0       0
      Totals:         0      20       0       0       0
Total ram usage:       20 bytes
 Hardware stack levels used:    1
 Hardware stack levels required when called:    2
 This function calls:
		___flmul
		___lwdiv
		___lwmod
 This function is called by:
		_sprintf
 This function uses a non-reentrant model


 *************** function ___lwmod *****************
 Defined at:
		line 5 in file "C:\Program Files\Microchip\xc8\v2.31\pic\sources\c90\common\lwmod.c"
 Parameters:    Size  Location     Type
  divisor         2    0[COMMON] unsigned int 
  dividend        2    2[COMMON] unsigned int 
 Auto vars:     Size  Location     Type
  counter         1    5[COMMON] unsigned char 
 Return value:  Size  Location     Type
                  2    0[COMMON] unsigned int 
 Registers used:
		wreg, status,2, status,0
 Tracked objects:
		On entry : 
		On exit  : 
		Unchanged: 
 Data sizes:     COMMON   BANK0   BANK1   BANK3   BANK2
      Params:         4       0       0       0       0
      Locals:         1       0       0       0       0
      Temps:          1       0       0       0       0
      Totals:         6       0       0       0       0
Total ram usage:        6 bytes
 Hardware stack levels used:    1
 This function calls:
		Nothing
 This function is called by:
		_fround
 This function uses a non-reentrant model


 *************** function ___lwdiv *****************
 Defined at:
		line 5 in file "C:\Program Files\Microchip\xc8\v2.31\pic\sources\c90\common\lwdiv.c"
 Parameters:    Size  Location     Type
  divisor         2    6[COMMON] unsigned int 
  dividend        2    8[COMMON] unsigned int 
 Auto vars:     Size  Location     Type
  quotient        2   11[COMMON] unsigned int 
  counter         1   13[COMMON] unsigned char 
 Return value:  Size  Location     Type
                  2    6[COMMON] unsigned int 
 Registers used:
		wreg, status,2, status,0
 Tracked objects:
		On entry : 
		On exit  : 
		Unchanged: 
 Data sizes:     COMMON   BANK0   BANK1   BANK3   BANK2
      Params:         4       0       0       0       0
      Locals:         3       0       0       0       0
      Temps:          1       0       0       0       0
      Totals:         8       0       0       0       0
Total ram usage:        8 bytes
 Hardware stack levels used:    1
 This function calls:
		Nothing
 This function is called by:
		_fround
 This function uses a non-reentrant model


 *************** function ___flmul *****************
 Defined at:
		line 8 in file "C:\Program Files\Microchip\xc8\v2.31\pic\sources\c90\common\sprcmul.c"
 Parameters:    Size  Location     Type
  b               4    4[BANK0 ] unsigned int 
  a               4    8[BANK0 ] unsigned int 
 Auto vars:     Size  Location     Type
  prod            4   24[BANK0 ] struct .
  grs             4   18[BANK0 ] unsigned long 
  temp            2   28[BANK0 ] struct .
  bexp            1   23[BANK0 ] unsigned char 
  aexp            1   22[BANK0 ] unsigned char 
  sign            1   17[BANK0 ] unsigned char 
 Return value:  Size  Location     Type
                  4    4[BANK0 ] unsigned char 
 Registers used:
		wreg, status,2, status,0, btemp+1, pclath, cstack
 Tracked objects:
		On entry : 
		On exit  : 
		Unchanged: 
 Data sizes:     COMMON   BANK0   BANK1   BANK3   BANK2
      Params:         0       8       0       0       0
      Locals:         0      13       0       0       0
      Temps:          0       5       0       0       0
      Totals:         0      26       0       0       0
Total ram usage:       26 bytes
 Hardware stack levels used:    1
 Hardware stack levels required when called:    1
 This function calls:
		__Umul8_16
 This function is called by:
		_fround
		_scale
		_sprintf
 This function uses a non-reentrant model


 *************** function __Umul8_16 *****************
 Defined at:
		line 4 in file "C:\Program Files\Microchip\xc8\v2.31\pic\sources\c90\common\Umul8_16.c"
 Parameters:    Size  Location     Type
  multiplier      1    wreg     unsigned char 
  multiplicand    1    0[COMMON] unsigned char 
 Auto vars:     Size  Location     Type
  multiplier      1    8[COMMON] unsigned char 
  word_mpld       2    6[COMMON] unsigned int 
  product         2    4[COMMON] unsigned int 
 Return value:  Size  Location     Type
                  2    0[COMMON] unsigned int 
 Registers used:
		wreg, status,2, status,0
 Tracked objects:
		On entry : 
		On exit  : 
		Unchanged: 
 Data sizes:     COMMON   BANK0   BANK1   BANK3   BANK2
      Params:         2       0       0       0       0
      Locals:         5       0       0       0       0
      Temps:          2       0       0       0       0
      Totals:         9       0       0       0       0
Total ram usage:        9 bytes
 Hardware stack levels used:    1
 This function calls:
		Nothing
 This function is called by:
		___flmul
 This function uses a non-reentrant model


 *************** function __tdiv_to_l_ *****************
 Defined at:
		line 60 in file "C:\Program Files\Microchip\xc8\v2.31\pic\sources\c90\common\ftdivl.c"
 Parameters:    Size  Location     Type
  f1              4    0[COMMON] float 
  f2              4    4[COMMON] float 
 Auto vars:     Size  Location     Type
  quot            4    0[BANK0 ] unsigned long 
  exp1            1    5[BANK0 ] unsigned char 
  cntr            1    4[BANK0 ] unsigned char 
 Return value:  Size  Location     Type
                  4    0[COMMON] unsigned long 
 Registers used:
		wreg, status,2, status,0
 Tracked objects:
		On entry : 
		On exit  : 
		Unchanged: 
 Data sizes:     COMMON   BANK0   BANK1   BANK3   BANK2
      Params:         8       0       0       0       0
      Locals:         0       6       0       0       0
      Temps:          4       0       0       0       0
      Totals:        12       6       0       0       0
Total ram usage:       18 bytes
 Hardware stack levels used:    1
 This function calls:
		Nothing
 This function is called by:
		_sprintf
 This function uses a non-reentrant model


 *************** function __div_to_l_ *****************
 Defined at:
		line 60 in file "C:\Program Files\Microchip\xc8\v2.31\pic\sources\c90\common\fldivl.c"
 Parameters:    Size  Location     Type
  f1              4    0[COMMON] unsigned long 
  f2              4    4[COMMON] unsigned long 
 Auto vars:     Size  Location     Type
  quot            4    0[BANK0 ] unsigned long 
  exp1            1    5[BANK0 ] unsigned char 
  cntr            1    4[BANK0 ] unsigned char 
 Return value:  Size  Location     Type
                  4    0[COMMON] unsigned long 
 Registers used:
		wreg, status,2, status,0
 Tracked objects:
		On entry : 
		On exit  : 
		Unchanged: 
 Data sizes:     COMMON   BANK0   BANK1   BANK3   BANK2
      Params:         8       0       0       0       0
      Locals:         0       6       0       0       0
      Temps:          1       0       0       0       0
      Totals:         9       6       0       0       0
Total ram usage:       15 bytes
 Hardware stack levels used:    1
 This function calls:
		Nothing
 This function is called by:
		_sprintf
 This function uses a non-reentrant model


 *************** function ___wmul *****************
 Defined at:
		line 15 in file "C:\Program Files\Microchip\xc8\v2.31\pic\sources\c90\common\Umul16.c"
 Parameters:    Size  Location     Type
  multiplier      2    0[COMMON] unsigned int 
  multiplicand    2    2[COMMON] unsigned int 
 Auto vars:     Size  Location     Type
  product         2    4[COMMON] unsigned int 
 Return value:  Size  Location     Type
                  2    0[COMMON] unsigned int 
 Registers used:
		wreg, status,2, status,0
 Tracked objects:
		On entry : 
		On exit  : 
		Unchanged: 
 Data sizes:     COMMON   BANK0   BANK1   BANK3   BANK2
      Params:         4       0       0       0       0
      Locals:         2       0       0       0       0
      Temps:          0       0       0       0       0
      Totals:         6       0       0       0       0
Total ram usage:        6 bytes
 Hardware stack levels used:    1
 This function calls:
		Nothing
 This function is called by:
		_sprintf
 This function uses a non-reentrant model


 *************** function ___llmod *****************
 Defined at:
		line 5 in file "C:\Program Files\Microchip\xc8\v2.31\pic\sources\c90\common\llmod.c"
 Parameters:    Size  Location     Type
  divisor         4    0[BANK0 ] unsigned long 
  dividend        4    4[BANK0 ] unsigned long 
 Auto vars:     Size  Location     Type
  counter         1    9[BANK0 ] unsigned char 
 Return value:  Size  Location     Type
                  4    0[BANK0 ] unsigned long 
 Registers used:
		wreg, status,2, status,0
 Tracked objects:
		On entry : 
		On exit  : 
		Unchanged: 
 Data sizes:     COMMON   BANK0   BANK1   BANK3   BANK2
      Params:         0       8       0       0       0
      Locals:         0       1       0       0       0
      Temps:          0       1       0       0       0
      Totals:         0      10       0       0       0
Total ram usage:       10 bytes
 Hardware stack levels used:    1
 This function calls:
		Nothing
 This function is called by:
		_sprintf
 This function uses a non-reentrant model


 *************** function ___lldiv *****************
 Defined at:
		line 5 in file "C:\Program Files\Microchip\xc8\v2.31\pic\sources\c90\common\__lldiv.c"
 Parameters:    Size  Location     Type
  divisor         4    0[COMMON] unsigned long 
  dividend        4    4[COMMON] unsigned long 
 Auto vars:     Size  Location     Type
  quotient        4    9[COMMON] unsigned long 
  counter         1   13[COMMON] unsigned char 
 Return value:  Size  Location     Type
                  4    0[COMMON] unsigned long 
 Registers used:
		wreg, status,2, status,0
 Tracked objects:
		On entry : 
		On exit  : 
		Unchanged: 
 Data sizes:     COMMON   BANK0   BANK1   BANK3   BANK2
      Params:         8       0       0       0       0
      Locals:         5       0       0       0       0
      Temps:          1       0       0       0       0
      Totals:        14       0       0       0       0
Total ram usage:       14 bytes
 Hardware stack levels used:    1
 This function calls:
		Nothing
 This function is called by:
		_sprintf
 This function uses a non-reentrant model


 *************** function ___fltol *****************
 Defined at:
		line 43 in file "C:\Program Files\Microchip\xc8\v2.31\pic\sources\c90\common\fltol.c"
 Parameters:    Size  Location     Type
  f1              4   49[BANK0 ] unsigned long 
 Auto vars:     Size  Location     Type
  exp1            1   59[BANK0 ] unsigned char 
  sign1           1   58[BANK0 ] unsigned char 
 Return value:  Size  Location     Type
                  4   49[BANK0 ] long 
 Registers used:
		wreg, status,2, status,0
 Tracked objects:
		On entry : 
		On exit  : 
		Unchanged: 
 Data sizes:     COMMON   BANK0   BANK1   BANK3   BANK2
      Params:         0       4       0       0       0
      Locals:         0       2       0       0       0
      Temps:          0       5       0       0       0
      Totals:         0      11       0       0       0
Total ram usage:       11 bytes
 Hardware stack levels used:    1
 This function calls:
		Nothing
 This function is called by:
		_sprintf
 This function uses a non-reentrant model


 *************** function ___flsub *****************
 Defined at:
		line 242 in file "C:\Program Files\Microchip\xc8\v2.31\pic\sources\c90\common\sprcadd.c"
 Parameters:    Size  Location     Type
  a               4   70[BANK0 ] long 
  b               4   74[BANK0 ] long 
 Auto vars:     Size  Location     Type
		None
 Return value:  Size  Location     Type
                  4   70[BANK0 ] long 
 Registers used:
		wreg, status,2, status,0, btemp+1, pclath, cstack
 Tracked objects:
		On entry : 
		On exit  : 
		Unchanged: 
 Data sizes:     COMMON   BANK0   BANK1   BANK3   BANK2
      Params:         0       8       0       0       0
      Locals:         0       0       0       0       0
      Temps:          0       0       0       0       0
      Totals:         0       8       0       0       0
Total ram usage:        8 bytes
 Hardware stack levels used:    1
 Hardware stack levels required when called:    1
 This function calls:
		___fladd
 This function is called by:
		_sprintf
 This function uses a non-reentrant model


 *************** function ___fladd *****************
 Defined at:
		line 10 in file "C:\Program Files\Microchip\xc8\v2.31\pic\sources\c90\common\sprcadd.c"
 Parameters:    Size  Location     Type
  b               4   50[BANK0 ] long 
  a               4   54[BANK0 ] long 
 Auto vars:     Size  Location     Type
  grs             1   69[BANK0 ] unsigned char 
  bexp            1   68[BANK0 ] unsigned char 
  aexp            1   67[BANK0 ] unsigned char 
  signs           1   66[BANK0 ] unsigned char 
 Return value:  Size  Location     Type
                  4   50[BANK0 ] unsigned char 
 Registers used:
		wreg, status,2, status,0, btemp+1
 Tracked objects:
		On entry : 
		On exit  : 
		Unchanged: 
 Data sizes:     COMMON   BANK0   BANK1   BANK3   BANK2
      Params:         0       8       0       0       0
      Locals:         0       4       0       0       0
      Temps:          0       8       0       0       0
      Totals:         0      20       0       0       0
Total ram usage:       20 bytes
 Hardware stack levels used:    1
 This function calls:
		Nothing
 This function is called by:
		_sprintf
		___flsub
 This function uses a non-reentrant model


 *************** function ___flneg *****************
 Defined at:
		line 15 in file "C:\Program Files\Microchip\xc8\v2.31\pic\sources\c90\common\flneg.c"
 Parameters:    Size  Location     Type
  f1              4    0[COMMON] unsigned char 
 Auto vars:     Size  Location     Type
		None
 Return value:  Size  Location     Type
                  4    0[COMMON] unsigned char 
 Registers used:
		wreg
 Tracked objects:
		On entry : 
		On exit  : 
		Unchanged: 
 Data sizes:     COMMON   BANK0   BANK1   BANK3   BANK2
      Params:         4       0       0       0       0
      Locals:         0       0       0       0       0
      Temps:          0       0       0       0       0
      Totals:         4       0       0       0       0
Total ram usage:        4 bytes
 Hardware stack levels used:    1
 This function calls:
		Nothing
 This function is called by:
		_sprintf
 This function uses a non-reentrant model


 *************** function ___flge *****************
 Defined at:
		line 4 in file "C:\Program Files\Microchip\xc8\v2.31\pic\sources\c90\common\flge.c"
 Parameters:    Size  Location     Type
  ff1             4    0[COMMON] unsigned char 
  ff2             4    4[COMMON] unsigned char 
 Auto vars:     Size  Location     Type
		None
 Return value:  Size  Location     Type
		None               void
 Registers used:
		wreg, status,2, status,0
 Tracked objects:
		On entry : 
		On exit  : 
		Unchanged: 
 Data sizes:     COMMON   BANK0   BANK1   BANK3   BANK2
      Params:         8       0       0       0       0
      Locals:         0       0       0       0       0
      Temps:          4       0       0       0       0
      Totals:        12       0       0       0       0
Total ram usage:       12 bytes
 Hardware stack levels used:    1
 This function calls:
		Nothing
 This function is called by:
		_sprintf
 This function uses a non-reentrant model


 *************** function ___fleq *****************
 Defined at:
		line 4 in file "C:\Program Files\Microchip\xc8\v2.31\pic\sources\c90\common\fleq.c"
 Parameters:    Size  Location     Type
  ff1             4    0[COMMON] unsigned char 
  ff2             4    4[COMMON] unsigned char 
 Auto vars:     Size  Location     Type
		None
 Return value:  Size  Location     Type
		None               void
 Registers used:
		wreg, status,2, status,0
 Tracked objects:
		On entry : 
		On exit  : 
		Unchanged: 
 Data sizes:     COMMON   BANK0   BANK1   BANK3   BANK2
      Params:         8       0       0       0       0
      Locals:         0       0       0       0       0
      Temps:          4       0       0       0       0
      Totals:        12       0       0       0       0
Total ram usage:       12 bytes
 Hardware stack levels used:    1
 This function calls:
		Nothing
 This function is called by:
		_sprintf
 This function uses a non-reentrant model


 *************** function _setup *****************
 Defined at:
		line 133 in file "Mast.c"
 Parameters:    Size  Location     Type
		None
 Auto vars:     Size  Location     Type
		None
 Return value:  Size  Location     Type
                  1    wreg      void 
 Registers used:
		wreg, status,2, status,0, pclath, cstack
 Tracked objects:
		On entry : 
		On exit  : 
		Unchanged: 
 Data sizes:     COMMON   BANK0   BANK1   BANK3   BANK2
      Params:         0       0       0       0       0
      Locals:         0       0       0       0       0
      Temps:          0       0       0       0       0
      Totals:         0       0       0       0       0
Total ram usage:        0 bytes
 Hardware stack levels used:    1
 Hardware stack levels required when called:    1
 This function calls:
		_spiInit
 This function is called by:
		_main
 This function uses a non-reentrant model


 *************** function _spiInit *****************
 Defined at:
		line 12 in file "SPI.c"
 Parameters:    Size  Location     Type
  sType           1    wreg     enum E1264
  sDataSample     1    0[COMMON] enum E1272
  sClockIdle      1    1[COMMON] enum E1276
  sTransmitEdg    1    2[COMMON] enum E1280
 Auto vars:     Size  Location     Type
  sType           1    3[COMMON] enum E1264
 Return value:  Size  Location     Type
                  1    wreg      void 
 Registers used:
		wreg, status,2, status,0
 Tracked objects:
		On entry : 
		On exit  : 
		Unchanged: 
 Data sizes:     COMMON   BANK0   BANK1   BANK3   BANK2
      Params:         3       0       0       0       0
      Locals:         1       0       0       0       0
      Temps:          0       0       0       0       0
      Totals:         4       0       0       0       0
Total ram usage:        4 bytes
 Hardware stack levels used:    1
 This function calls:
		Nothing
 This function is called by:
		_setup
 This function uses a non-reentrant model


 *************** function _contador *****************
 Defined at:
		line 105 in file "Mast.c"
 Parameters:    Size  Location     Type
		None
 Auto vars:     Size  Location     Type
		None
 Return value:  Size  Location     Type
                  1    wreg      void 
 Registers used:
		wreg, status,2, status,0, pclath, cstack
 Tracked objects:
		On entry : 
		On exit  : 
		Unchanged: 
 Data sizes:     COMMON   BANK0   BANK1   BANK3   BANK2
      Params:         0       0       0       0       0
      Locals:         0       0       0       0       0
      Temps:          2       0       0       0       0
      Totals:         2       0       0       0       0
Total ram usage:        2 bytes
 Hardware stack levels used:    1
 Hardware stack levels required when called:    2
 This function calls:
		_spiRead
		_spiWrite
 This function is called by:
		_main
 This function uses a non-reentrant model


 *************** function _config_txsta *****************
 Defined at:
		line 17 in file "USART.c"
 Parameters:    Size  Location     Type
		None
 Auto vars:     Size  Location     Type
		None
 Return value:  Size  Location     Type
                  1    wreg      void 
 Registers used:
		None
 Tracked objects:
		On entry : 
		On exit  : 
		Unchanged: 
 Data sizes:     COMMON   BANK0   BANK1   BANK3   BANK2
      Params:         0       0       0       0       0
      Locals:         0       0       0       0       0
      Temps:          0       0       0       0       0
      Totals:         0       0       0       0       0
Total ram usage:        0 bytes
 Hardware stack levels used:    1
 This function calls:
		Nothing
 This function is called by:
		_main
 This function uses a non-reentrant model


 *************** function _config_rcsta *****************
 Defined at:
		line 27 in file "USART.c"
 Parameters:    Size  Location     Type
		None
 Auto vars:     Size  Location     Type
		None
 Return value:  Size  Location     Type
                  1    wreg      void 
 Registers used:
		status,2
 Tracked objects:
		On entry : 
		On exit  : 
		Unchanged: 
 Data sizes:     COMMON   BANK0   BANK1   BANK3   BANK2
      Params:         0       0       0       0       0
      Locals:         0       0       0       0       0
      Temps:          0       0       0       0       0
      Totals:         0       0       0       0       0
Total ram usage:        0 bytes
 Hardware stack levels used:    1
 This function calls:
		Nothing
 This function is called by:
		_main
 This function uses a non-reentrant model


 *************** function __baudios *****************
 Defined at:
		line 13 in file "USART.c"
 Parameters:    Size  Location     Type
		None
 Auto vars:     Size  Location     Type
		None
 Return value:  Size  Location     Type
                  1    wreg      void 
 Registers used:
		wreg
 Tracked objects:
		On entry : 
		On exit  : 
		Unchanged: 
 Data sizes:     COMMON   BANK0   BANK1   BANK3   BANK2
      Params:         0       0       0       0       0
      Locals:         0       0       0       0       0
      Temps:          0       0       0       0       0
      Totals:         0       0       0       0       0
Total ram usage:        0 bytes
 Hardware stack levels used:    1
 This function calls:
		Nothing
 This function is called by:
		_main
 This function uses a non-reentrant model


 *************** function _Write_USART_String *****************
 Defined at:
		line 39 in file "USART.c"
 Parameters:    Size  Location     Type
  a               2    1[COMMON] PTR unsigned char 
		 -> STR_3(15), data(20), 
 Auto vars:     Size  Location     Type
  i               1    4[COMMON] unsigned char 
 Return value:  Size  Location     Type
                  1    wreg      void 
 Registers used:
		wreg, fsr0l, fsr0h, status,2, status,0, btemp+1, pclath, cstack
 Tracked objects:
		On entry : 
		On exit  : 
		Unchanged: 
 Data sizes:     COMMON   BANK0   BANK1   BANK3   BANK2
      Params:         2       0       0       0       0
      Locals:         1       0       0       0       0
      Temps:          1       0       0       0       0
      Totals:         4       0       0       0       0
Total ram usage:        4 bytes
 Hardware stack levels used:    1
 Hardware stack levels required when called:    1
 This function calls:
		_Write_USART
 This function is called by:
		_main
 This function uses a non-reentrant model


 *************** function _Write_USART *****************
 Defined at:
		line 35 in file "USART.c"
 Parameters:    Size  Location     Type
  a               1    wreg     unsigned char 
 Auto vars:     Size  Location     Type
  a               1    0[COMMON] unsigned char 
 Return value:  Size  Location     Type
                  1    wreg      void 
 Registers used:
		wreg
 Tracked objects:
		On entry : 
		On exit  : 
		Unchanged: 
 Data sizes:     COMMON   BANK0   BANK1   BANK3   BANK2
      Params:         0       0       0       0       0
      Locals:         1       0       0       0       0
      Temps:          0       0       0       0       0
      Totals:         1       0       0       0       0
Total ram usage:        1 bytes
 Hardware stack levels used:    1
 This function calls:
		Nothing
 This function is called by:
		_main
		_Write_USART_String
 This function uses a non-reentrant model


 *************** function _Lcd_Write_String *****************
 Defined at:
		line 88 in file "LCD.c"
 Parameters:    Size  Location     Type
  a               2    3[COMMON] PTR unsigned char 
		 -> data(20), STR_1(15), 
 Auto vars:     Size  Location     Type
  i               2    8[COMMON] int 
 Return value:  Size  Location     Type
                  1    wreg      void 
 Registers used:
		wreg, fsr0l, fsr0h, status,2, status,0, btemp+1, pclath, cstack
 Tracked objects:
		On entry : 
		On exit  : 
		Unchanged: 
 Data sizes:     COMMON   BANK0   BANK1   BANK3   BANK2
      Params:         2       0       0       0       0
      Locals:         2       0       0       0       0
      Temps:          3       0       0       0       0
      Totals:         7       0       0       0       0
Total ram usage:        7 bytes
 Hardware stack levels used:    1
 Hardware stack levels required when called:    2
 This function calls:
		_LCD_CMD
 This function is called by:
		_main
 This function uses a non-reentrant model


 *************** function _LCD_CMD *****************
 Defined at:
		line 28 in file "LCD.c"
 Parameters:    Size  Location     Type
  a               1    wreg     unsigned char 
 Auto vars:     Size  Location     Type
  a               1    2[COMMON] unsigned char 
 Return value:  Size  Location     Type
                  1    wreg      void 
 Registers used:
		wreg, status,2, status,0, pclath, cstack
 Tracked objects:
		On entry : 
		On exit  : 
		Unchanged: 
 Data sizes:     COMMON   BANK0   BANK1   BANK3   BANK2
      Params:         0       0       0       0       0
      Locals:         1       0       0       0       0
      Temps:          1       0       0       0       0
      Totals:         2       0       0       0       0
Total ram usage:        2 bytes
 Hardware stack levels used:    1
 Hardware stack levels required when called:    1
 This function calls:
		_Puerto
 This function is called by:
		_Lcd_Write_String
 This function uses a non-reentrant model


 *************** function _Lcd_Set_Cursor *****************
 Defined at:
		line 74 in file "LCD.c"
 Parameters:    Size  Location     Type
  x               1    wreg     unsigned char 
  y               1    4[COMMON] unsigned char 
 Auto vars:     Size  Location     Type
  x               1    6[COMMON] unsigned char 
  a               1    7[COMMON] unsigned char 
 Return value:  Size  Location     Type
                  1    wreg      void 
 Registers used:
		wreg, status,2, status,0, pclath, cstack
 Tracked objects:
		On entry : 
		On exit  : 
		Unchanged: 
 Data sizes:     COMMON   BANK0   BANK1   BANK3   BANK2
      Params:         1       0       0       0       0
      Locals:         2       0       0       0       0
      Temps:          1       0       0       0       0
      Totals:         4       0       0       0       0
Total ram usage:        4 bytes
 Hardware stack levels used:    1
 Hardware stack levels required when called:    2
 This function calls:
		_datosLCD
 This function is called by:
		_main
 This function uses a non-reentrant model


 *************** function _Lcd_Init *****************
 Defined at:
		line 54 in file "LCD.c"
 Parameters:    Size  Location     Type
		None
 Auto vars:     Size  Location     Type
		None
 Return value:  Size  Location     Type
                  1    wreg      void 
 Registers used:
		wreg, status,2, status,0, pclath, cstack
 Tracked objects:
		On entry : 
		On exit  : 
		Unchanged: 
 Data sizes:     COMMON   BANK0   BANK1   BANK3   BANK2
      Params:         0       0       0       0       0
      Locals:         0       0       0       0       0
      Temps:          2       0       0       0       0
      Totals:         2       0       0       0       0
Total ram usage:        2 bytes
 Hardware stack levels used:    1
 Hardware stack levels required when called:    2
 This function calls:
		_datosLCD
 This function is called by:
		_main
 This function uses a non-reentrant model


 *************** function _LCD_Limpia *****************
 Defined at:
		line 48 in file "LCD.c"
 Parameters:    Size  Location     Type
		None
 Auto vars:     Size  Location     Type
		None
 Return value:  Size  Location     Type
                  1    wreg      void 
 Registers used:
		wreg, status,2, status,0, pclath, cstack
 Tracked objects:
		On entry : 
		On exit  : 
		Unchanged: 
 Data sizes:     COMMON   BANK0   BANK1   BANK3   BANK2
      Params:         0       0       0       0       0
      Locals:         0       0       0       0       0
      Temps:          0       0       0       0       0
      Totals:         0       0       0       0       0
Total ram usage:        0 bytes
 Hardware stack levels used:    1
 Hardware stack levels required when called:    2
 This function calls:
		_datosLCD
 This function is called by:
		_main
 This function uses a non-reentrant model


 *************** function _datosLCD *****************
 Defined at:
		line 38 in file "LCD.c"
 Parameters:    Size  Location     Type
  x               1    wreg     unsigned char 
 Auto vars:     Size  Location     Type
  x               1    3[COMMON] unsigned char 
 Return value:  Size  Location     Type
                  1    wreg      void 
 Registers used:
		wreg, status,2, status,0, pclath, cstack
 Tracked objects:
		On entry : 
		On exit  : 
		Unchanged: 
 Data sizes:     COMMON   BANK0   BANK1   BANK3   BANK2
      Params:         0       0       0       0       0
      Locals:         1       0       0       0       0
      Temps:          2       0       0       0       0
      Totals:         3       0       0       0       0
Total ram usage:        3 bytes
 Hardware stack levels used:    1
 Hardware stack levels required when called:    1
 This function calls:
		_Puerto
 This function is called by:
		_LCD_Limpia
		_Lcd_Init
		_Lcd_Set_Cursor
 This function uses a non-reentrant model


 *************** function _Puerto *****************
 Defined at:
		line 16 in file "LCD.c"
 Parameters:    Size  Location     Type
  x               1    wreg     unsigned char 
 Auto vars:     Size  Location     Type
  x               1    0[COMMON] unsigned char 
 Return value:  Size  Location     Type
                  1    wreg      void 
 Registers used:
		wreg
 Tracked objects:
		On entry : 
		On exit  : 
		Unchanged: 
 Data sizes:     COMMON   BANK0   BANK1   BANK3   BANK2
      Params:         0       0       0       0       0
      Locals:         1       0       0       0       0
      Temps:          0       0       0       0       0
      Totals:         1       0       0       0       0
Total ram usage:        1 bytes
 Hardware stack levels used:    1
 This function calls:
		Nothing
 This function is called by:
		_LCD_CMD
		_datosLCD
 This function uses a non-reentrant model


 *************** function _ADC_lectura *****************
 Defined at:
		line 93 in file "Mast.c"
 Parameters:    Size  Location     Type
		None
 Auto vars:     Size  Location     Type
		None
 Return value:  Size  Location     Type
                  1    wreg      void 
 Registers used:
		wreg, status,2, status,0, pclath, cstack
 Tracked objects:
		On entry : 
		On exit  : 
		Unchanged: 
 Data sizes:     COMMON   BANK0   BANK1   BANK3   BANK2
      Params:         0       0       0       0       0
      Locals:         0       0       0       0       0
      Temps:          0       4       0       0       0
      Totals:         0       4       0       0       0
Total ram usage:        4 bytes
 Hardware stack levels used:    1
 Hardware stack levels required when called:    2
 This function calls:
		___xxtofl
		_spiRead
		_spiWrite
 This function is called by:
		_main
 This function uses a non-reentrant model


 *************** function _spiWrite *****************
 Defined at:
		line 35 in file "SPI.c"
 Parameters:    Size  Location     Type
  dat             1    wreg     unsigned char 
 Auto vars:     Size  Location     Type
  dat             1    0[COMMON] unsigned char 
 Return value:  Size  Location     Type
                  1    wreg      void 
 Registers used:
		wreg
 Tracked objects:
		On entry : 
		On exit  : 
		Unchanged: 
 Data sizes:     COMMON   BANK0   BANK1   BANK3   BANK2
      Params:         0       0       0       0       0
      Locals:         1       0       0       0       0
      Temps:          0       0       0       0       0
      Totals:         1       0       0       0       0
Total ram usage:        1 bytes
 Hardware stack levels used:    1
 This function calls:
		Nothing
 This function is called by:
		_ADC_lectura
		_contador
		_temperatura
 This function uses a non-reentrant model


 *************** function _spiRead *****************
 Defined at:
		line 48 in file "SPI.c"
 Parameters:    Size  Location     Type
		None
 Auto vars:     Size  Location     Type
		None
 Return value:  Size  Location     Type
                  1    wreg      unsigned char 
 Registers used:
		wreg, status,2, status,0, pclath, cstack
 Tracked objects:
		On entry : 
		On exit  : 
		Unchanged: 
 Data sizes:     COMMON   BANK0   BANK1   BANK3   BANK2
      Params:         0       0       0       0       0
      Locals:         0       0       0       0       0
      Temps:          0       0       0       0       0
      Totals:         0       0       0       0       0
Total ram usage:        0 bytes
 Hardware stack levels used:    1
 Hardware stack levels required when called:    1
 This function calls:
		_spiReceiveWait
 This function is called by:
		_ADC_lectura
		_contador
		_temperatura
 This function uses a non-reentrant model


 *************** function _spiReceiveWait *****************
 Defined at:
		line 30 in file "SPI.c"
 Parameters:    Size  Location     Type
		None
 Auto vars:     Size  Location     Type
		None
 Return value:  Size  Location     Type
                  1    wreg      void 
 Registers used:
		None
 Tracked objects:
		On entry : 
		On exit  : 
		Unchanged: 
 Data sizes:     COMMON   BANK0   BANK1   BANK3   BANK2
      Params:         0       0       0       0       0
      Locals:         0       0       0       0       0
      Temps:          0       0       0       0       0
      Totals:         0       0       0       0       0
Total ram usage:        0 bytes
 Hardware stack levels used:    1
 This function calls:
		Nothing
 This function is called by:
		_spiRead
 This function uses a non-reentrant model


 *************** function ___xxtofl *****************
 Defined at:
		line 10 in file "C:\Program Files\Microchip\xc8\v2.31\pic\sources\c90\common\xxtofl.c"
 Parameters:    Size  Location     Type
  sign            1    wreg     unsigned char 
  val             4    0[COMMON] long 
 Auto vars:     Size  Location     Type
  sign            1    8[COMMON] unsigned char 
  arg             4   10[COMMON] unsigned long 
  exp             1    9[COMMON] unsigned char 
 Return value:  Size  Location     Type
                  4    0[COMMON] unsigned char 
 Registers used:
		wreg, status,2, status,0
 Tracked objects:
		On entry : 
		On exit  : 
		Unchanged: 
 Data sizes:     COMMON   BANK0   BANK1   BANK3   BANK2
      Params:         4       0       0       0       0
      Locals:         6       0       0       0       0
      Temps:          4       0       0       0       0
      Totals:        14       0       0       0       0
Total ram usage:       14 bytes
 Hardware stack levels used:    1
 This function calls:
		Nothing
 This function is called by:
		_ADC_lectura
		_temperatura
		_sprintf
 This function uses a non-reentrant model



MODULE INFORMATION

Module		Function		Class		Link	Load	Size
C:\Program Files\Microchip\xc8\v2.31\pic\sources\c90\common\flneg.c
		___flneg       		CODE           	1958	0000	11

C:\Program Files\Microchip\xc8\v2.31\pic\sources\c90\common\flneg.c estimated size: 11

C:\Program Files\Microchip\xc8\v2.31\pic\sources\c90\common\flge.c
		___flge        		CODE           	1009	0000	162

C:\Program Files\Microchip\xc8\v2.31\pic\sources\c90\common\flge.c estimated size: 162

USART.c
		_Write_USART_String		CODE           	1A9A	0000	43
		__baudios      		CODE           	1932	0000	5
		_Write_USART   		CODE           	1963	0000	12
		_config_rcsta  		CODE           	193E	0000	8
		_config_txsta  		CODE           	194E	0000	10

USART.c estimated size: 78

C:\Program Files\Microchip\xc8\v2.31\pic\sources\c90\common\sprcmul.c
		___flmul       		CODE           	0C9F	0000	865

C:\Program Files\Microchip\xc8\v2.31\pic\sources\c90\common\sprcmul.c estimated size: 865

C:\Program Files\Microchip\xc8\v2.31\pic\sources\c90\common\__lldiv.c
		___lldiv       		CODE           	1CEA	0000	102

C:\Program Files\Microchip\xc8\v2.31\pic\sources\c90\common\__lldiv.c estimated size: 102

C:\Program Files\Microchip\xc8\v2.31\pic\sources\c90\common\Umul8_16.c
		__Umul8_16     		CODE           	1A73	0000	39

C:\Program Files\Microchip\xc8\v2.31\pic\sources\c90\common\Umul8_16.c estimated size: 39

C:\Program Files\Microchip\xc8\v2.31\pic\sources\c90\common\doprnt.c
		_scale         		CODE           	0940	0000	863
		_sprintf       		CODE           	153E	0000	2248
		_fround        		CODE           	10AB	0000	523

C:\Program Files\Microchip\xc8\v2.31\pic\sources\c90\common\doprnt.c estimated size: 3634

C:\Program Files\Microchip\xc8\v2.31\pic\sources\c90\common\ftdivl.c
		__tdiv_to_l_   		CODE           	1F43	0000	189

C:\Program Files\Microchip\xc8\v2.31\pic\sources\c90\common\ftdivl.c estimated size: 189

C:\Program Files\Microchip\xc8\v2.31\pic\sources\c90\common\lwmod.c
		___lwmod       		CODE           	1AF7	0000	58

C:\Program Files\Microchip\xc8\v2.31\pic\sources\c90\common\lwmod.c estimated size: 58

C:\Program Files\Microchip\xc8\v2.31\pic\sources\c90\common\awmod.c
		___awmod       		CODE           	1C91	0000	89

C:\Program Files\Microchip\xc8\v2.31\pic\sources\c90\common\awmod.c estimated size: 89

C:\Program Files\Microchip\xc8\v2.31\pic\sources\c90\common\Umul16.c
		___wmul        		CODE           	1A4E	0000	37

C:\Program Files\Microchip\xc8\v2.31\pic\sources\c90\common\Umul16.c estimated size: 37

C:\Program Files\Microchip\xc8\v2.31\pic\sources\c90\common\llmod.c
		___llmod       		CODE           	00C6	0000	86

C:\Program Files\Microchip\xc8\v2.31\pic\sources\c90\common\llmod.c estimated size: 86

Mast.c
		_temperatura   		CODE           	1D50	0000	102
		_main          		CODE           	011C	0000	205
		_contador      		CODE           	1AC5	0000	50
		_ADC_lectura   		CODE           	1BF5	0000	78
		_setup         		CODE           	19E3	0000	35

Mast.c estimated size: 470

C:\Program Files\Microchip\xc8\v2.31\pic\sources\c90\common\isdigit.c
		_isdigit       		CODE           	197C	0000	18

C:\Program Files\Microchip\xc8\v2.31\pic\sources\c90\common\isdigit.c estimated size: 18

C:\Program Files\Microchip\xc8\v2.31\pic\sources\c90\common\sprcadd.c
		___flsub       		CODE           	1A2A	0000	36
		___fladd       		CODE           	12B6	0000	648

C:\Program Files\Microchip\xc8\v2.31\pic\sources\c90\common\sprcadd.c estimated size: 684

C:\Program Files\Microchip\xc8\v2.31\pic\sources\c90\common\fleq.c
		___fleq        		CODE           	1C43	0000	78

C:\Program Files\Microchip\xc8\v2.31\pic\sources\c90\common\fleq.c estimated size: 78

C:\Program Files\Microchip\xc8\v2.31\pic\sources\c90\common\fldivl.c
		__div_to_l_    		CODE           	0882	0000	190

C:\Program Files\Microchip\xc8\v2.31\pic\sources\c90\common\fldivl.c estimated size: 190

C:\Program Files\Microchip\xc8\v2.31\pic\sources\c90\common\lwdiv.c
		___lwdiv       		CODE           	1BB1	0000	68

C:\Program Files\Microchip\xc8\v2.31\pic\sources\c90\common\lwdiv.c estimated size: 68

C:\Program Files\Microchip\xc8\v2.31\pic\sources\c90\common\awdiv.c
		___awdiv       		CODE           	1DB6	0000	105

C:\Program Files\Microchip\xc8\v2.31\pic\sources\c90\common\awdiv.c estimated size: 105

shared
		__stringtab    		STRING         	0003	0000	16
		__powers_      		STRING         	0013	0000	52
		_dpowers       		STRING         	007B	0000	40
		__npowers_     		STRING         	0047	0000	52
		__initialization		CODE           	07EF	0000	13

shared estimated size: 173

C:\Program Files\Microchip\xc8\v2.31\pic\sources\c90\common\fltol.c
		___fltol       		CODE           	0806	0000	124

C:\Program Files\Microchip\xc8\v2.31\pic\sources\c90\common\fltol.c estimated size: 124

C:\Program Files\Microchip\xc8\v2.31\pic\sources\c90\common\xxtofl.c
		___xxtofl      		CODE           	1E89	0000	186

C:\Program Files\Microchip\xc8\v2.31\pic\sources\c90\common\xxtofl.c estimated size: 186

SPI.c
		_spiWrite      		CODE           	0800	0000	6
		_spiInit       		CODE           	198E	0000	22
		_spiReceiveWait		CODE           	1937	0000	7
		_spiRead       		CODE           	1000	0000	9

SPI.c estimated size: 44

LCD.c
		_Lcd_Write_String		CODE           	1B6F	0000	66
		_Lcd_Init      		CODE           	1E1F	0000	106
		_LCD_CMD       		CODE           	19A4	0000	29
		_Lcd_Set_Cursor		CODE           	1A06	0000	36
		_LCD_Limpia    		CODE           	196F	0000	13
		_Puerto        		CODE           	1B31	0000	62
		_datosLCD      		CODE           	19C1	0000	34

LCD.c estimated size: 346

