Microchip MPLAB XC8 Compiler V2.31

Linker command line:

-W-3 --edf=C:\Program Files\Microchip\xc8\v2.31\pic\dat\en_msgs.txt -cn \
  -h+dist/default/production\minidos.X.production.sym \
  --cmf=dist/default/production\minidos.X.production.cmf -z -Q16F887 \
  -oC:\Users\betov\AppData\Local\Temp\s4n8.2 --defsym=__MPLAB_BUILD=1 \
  -Mdist/default/production/minidos.X.production.map -E1 -ver=XC8 Compiler \
  --acfsm=1493 -ASTACK=0110h-016Fh -pstack=STACK -ACODE=00h-07FFhx4 \
  -ASTRCODE=00h-01FFFh -ASTRING=00h-0FFhx32 -ACONST=00h-0FFhx32 \
  -AENTRY=00h-0FFhx32 -ACOMMON=070h-07Fh -ABANK0=020h-06Fh \
  -ABANK1=0A0h-0EFh -ABANK2=0110h-016Fh -ABANK3=0190h-01EFh \
  -ARAM=020h-06Fh,0A0h-0EFh,0110h-016Fh,0190h-01EFh \
  -AABS1=020h-07Fh,0A0h-0EFh,0110h-016Fh,0190h-01EFh -ASFR0=00h-01Fh \
  -ASFR1=080h-09Fh -ASFR2=0100h-010Fh -ASFR3=0180h-018Fh \
  -ACONFIG=02007h-02008h -DCONFIG=2 -AIDLOC=02000h-02003h -DIDLOC=2 \
  -AEEDATA=00h-0FFh/02100h -peeprom_data=EEDATA -DEEDATA=2 -DCODE=2 \
  -DSTRCODE=2 -DSTRING=2 -DCONST=2 -DENTRY=2 \
  -preset_vec=00h,intentry,init,end_init -ppowerup=CODE -pcinit=CODE \
  -pfunctab=ENTRY -k C:\Users\betov\AppData\Local\Temp\s4n8.o \
  dist/default/production\minidos.X.production.o 

Object code version is 3.11

Machine type is 16F887



                Name                               Link     Load   Length Selector   Space Scale
C:\Users\betov\AppData\Local\Temp\s4n8.o
                end_init                              0        0        3        0       0
                config                             2007     2007        2        0       4
dist/default/production\minidos.X.production.o
                cinit                               7FC      7FC        4      FF8       0
                config                             2007     2007        2        0       4
                text17                              411      411        D      822       0
                text16                              41E      41E        D      83C       0
                text15                              3EA      3EA        9      7D4       0
                text14                              43A      43A       10      874       0
                text13                              44A      44A       10      894       0
                text12                              5C2      5C2       9D      B84       0
                text11                              3F3      3F3        9      7E6       0
                text10                              3FC      3FC        9      7F8       0
                text9                               45A      45A       27      8B4       0
                text8                               405      405        C      80A       0
                text7                               4AE      4AE       2F      95C       0
                text6                               55B      55B       67      AB6       0
                text5                               517      517       44      A2E       0
                text4                               4DD      4DD       3A      9BA       0
                text3                               714      714       E8      E28       0
                text2                               65F      65F       B5      CBE       0
                text1                               42B      42B        F      856       0
                maintext                            481      481       2D      902       0
                cstackBANK0                          20       20       4A       20       1
                cstackCOMMON                         70       70        E       70       1
                strings                               3        3       1D        6       0

TOTAL           Name                               Link     Load   Length     Space
        CLASS   STACK          

        CLASS   CODE           
                end_init                              0        0        3         0
                cinit                               7FC      7FC        4         0
                text17                              411      411        D         0
                text16                              41E      41E        D         0
                text15                              3EA      3EA        9         0
                text14                              43A      43A       10         0
                text13                              44A      44A       10         0
                text12                              5C2      5C2       9D         0
                text11                              3F3      3F3        9         0
                text10                              3FC      3FC        9         0
                text9                               45A      45A       27         0
                text8                               405      405        C         0
                text7                               4AE      4AE       2F         0
                text6                               55B      55B       67         0
                text5                               517      517       44         0
                text4                               4DD      4DD       3A         0
                text3                               714      714       E8         0
                text2                               65F      65F       B5         0
                text1                               42B      42B        F         0
                maintext                            481      481       2D         0

        CLASS   STRCODE        

        CLASS   STRING         
                strings                               3        3       1D         0

        CLASS   CONST          

        CLASS   ENTRY          

        CLASS   COMMON         
                cstackCOMMON                         70       70        E         1

        CLASS   BANK0          
                cstackBANK0                          20       20       4A         1

        CLASS   BANK1          

        CLASS   BANK2          

        CLASS   BANK3          

        CLASS   RAM            

        CLASS   ABS1           
                abs_s1                               7E       7E        2         1

        CLASS   SFR0           

        CLASS   SFR1           

        CLASS   SFR2           

        CLASS   SFR3           

        CLASS   CONFIG         
                config                             2007     2007        2         4

        CLASS   IDLOC          

        CLASS   EEDATA         



SEGMENTS        Name                           Load    Length   Top    Selector   Space  Class     Delta

                reset_vec                      000000  000003  000003         0       0  CODE        2
                strings                        000003  00001D  000020         6       0  STRING      2
                cstackBANK0                    000020  00004A  00006A        20       1  BANK0       1
                cstackCOMMON                   000070  00000E  00007E        70       1  COMMON      1
                text15                         0003EA  000009  0003F3       7D4       0  CODE        2
                text11                         0003F3  000009  0003FC       7E6       0  CODE        2
                text10                         0003FC  000009  000405       7F8       0  CODE        2
                text8                          000405  00000C  000411       80A       0  CODE        2
                text17                         000411  00000D  00041E       822       0  CODE        2
                text16                         00041E  00000D  00042B       83C       0  CODE        2
                text1                          00042B  00000F  00043A       856       0  CODE        2
                text14                         00043A  000010  00044A       874       0  CODE        2
                text13                         00044A  000010  00045A       894       0  CODE        2
                text9                          00045A  000027  000481       8B4       0  CODE        2
                maintext                       000481  00002D  0004AE       902       0  CODE        2
                text7                          0004AE  00002F  0004DD       95C       0  CODE        2
                text4                          0004DD  00003A  000517       9BA       0  CODE        2
                text5                          000517  000044  00055B       A2E       0  CODE        2
                text6                          00055B  000067  0005C2       AB6       0  CODE        2
                text12                         0005C2  00009D  00065F       B84       0  CODE        2
                text2                          00065F  0000B5  000714       CBE       0  CODE        2
                text3                          000714  0000E8  0007FC       E28       0  CODE        2
                cinit                          0007FC  000004  000800       FF8       0  CODE        2


UNUSED ADDRESS RANGES

        Name                Unused          Largest block    Delta
        BANK0            006A-006F              6           1
        BANK1            00A0-00EF             50           1
        BANK2            0110-016F             60           1
        BANK3            0190-01EF             60           1
        CODE             0020-03E9            3CA           2
                         0800-1FFF            800
        CONST            0020-03E9            100           2
                         0800-1FFF            100
        EEDATA           2100-21FF            100           2
        ENTRY            0020-03E9            100           2
                         0800-1FFF            100
        IDLOC            2000-2003              4           2
        RAM              006A-006F              6           1
                         00A0-00EF             50
                         0110-016F             60
                         0190-01EF             60
        SFR0             0000-001F             20           1
        SFR1             0080-009F             20           1
        SFR2             0100-010F             10           1
        SFR3             0180-018F             10           1
        STACK            0110-016F             60           1
        STRCODE          0020-03E9            3CA           2
                         0800-1FFF           1800
        STRING           0020-03E9            100           2
                         0800-1FFF            100

                                  Symbol Table

?___awdiv                   cstackCOMMON 0070
?___lwdiv                   cstackCOMMON 0070
?___lwmod                   cstackCOMMON 0078
?_sprintf                   cstackBANK0  0020
I2C_Master_Write@data       cstackCOMMON 0070
I2C_Read@ACK_NACK           cstackCOMMON 0071
I2C_Read@Data               cstackCOMMON 0072
I2C_Start@add               cstackCOMMON 0071
MPU6050_Read@Ay             cstackBANK0  0065
MPU6050_Read@buffer         cstackBANK0  0031
UART_Write@data             cstackCOMMON 0070
UART_Write_String@buf       cstackCOMMON 0071
UART_Write_String@i         cstackCOMMON 0075
_ACKDT                      (abs)        048D
_ACKEN                      (abs)        048C
_ACKSTAT                    (abs)        048E
_ANSELH                     (abs)        0189
_BF                         (abs)        04A0
_BRGH                       (abs)        04C2
_I2C_ACK                    text11       03F3
_I2C_Master_Init            text17       0411
_I2C_Master_Stop            text15       03EA
_I2C_Master_Wait            text16       041E
_I2C_Master_Write           text14       043A
_I2C_NACK                   text10       03FC
_I2C_Read                   text9        045A
_I2C_Start                  text13       044A
_MPU6050_Init               text12       05C2
_MPU6050_Read               text2        065F
_PEN                        (abs)        048A
_PORTB                      (abs)        0006
_RCEN                       (abs)        048B
_RD2                        (abs)        0042
_RSEN                       (abs)        0489
_SEN                        (abs)        0488
_SPBRG                      (abs)        0099
_SPEN                       (abs)        00C7
_SSPADD                     (abs)        0093
_SSPBUF                     (abs)        0013
_SSPCON                     (abs)        0014
_SSPCON2                    (abs)        0091
_SSPIF                      (abs)        0063
_SSPSTAT                    (abs)        0094
_SYNC                       (abs)        04C4
_TRISB                      (abs)        0086
_TRISC3                     (abs)        043B
_TRISC4                     (abs)        043C
_TRISC6                     (abs)        043E
_TRISC7                     (abs)        043F
_TRISD2                     (abs)        0442
_TRMT                       (abs)        04C1
_TXEN                       (abs)        04C5
_TXREG                      (abs)        0019
_UART_TX_Init               text1        042B
_UART_Write                 text8        0405
_UART_Write_String          text7        04AE
__Habs1                     abs1         0000
__Hbank0                    bank0        0000
__Hbank1                    bank1        0000
__Hbank2                    bank2        0000
__Hbank3                    bank3        0000
__Hcinit                    cinit        0800
__Hclrtext                  clrtext      0000
__Hcode                     code         0000
__Hcommon                   common       0000
__Hconfig                   config       2009
__HcstackBANK0              cstackBANK0  0000
__HcstackCOMMON             cstackCOMMON 0000
__Heeprom_data              eeprom_data  0000
__Hend_init                 end_init     0003
__Hfunctab                  functab      0000
__Hinit                     init         0000
__Hintentry                 intentry     0000
__Hmaintext                 maintext     0000
__Hpowerup                  powerup      0000
__Hram                      ram          0000
__Hreset_vec                reset_vec    0000
__Hsfr0                     sfr0         0000
__Hsfr1                     sfr1         0000
__Hsfr2                     sfr2         0000
__Hsfr3                     sfr3         0000
__Hspace_0                  (abs)        0800
__Hspace_1                  (abs)        007E
__Hspace_2                  (abs)        0000
__Hspace_3                  (abs)        0000
__Hspace_4                  (abs)        4010
__Hstack                    stack        0000
__Hstrings                  strings      0000
__Htext                     text         0000
__Labs1                     abs1         0000
__Lbank0                    bank0        0000
__Lbank1                    bank1        0000
__Lbank2                    bank2        0000
__Lbank3                    bank3        0000
__Lcinit                    cinit        07FC
__Lclrtext                  clrtext      0000
__Lcode                     code         0000
__Lcommon                   common       0000
__Lconfig                   config       0000
__LcstackBANK0              cstackBANK0  0000
__LcstackCOMMON             cstackCOMMON 0000
__Leeprom_data              eeprom_data  0000
__Lend_init                 end_init     0000
__Lfunctab                  functab      0000
__Linit                     init         0000
__Lintentry                 intentry     0000
__Lmaintext                 maintext     0000
__Lpowerup                  powerup      0000
__Lram                      ram          0000
__Lreset_vec                reset_vec    0000
__Lsfr0                     sfr0         0000
__Lsfr1                     sfr1         0000
__Lsfr2                     sfr2         0000
__Lsfr3                     sfr3         0000
__Lspace_0                  (abs)        0000
__Lspace_1                  (abs)        0000
__Lspace_2                  (abs)        0000
__Lspace_3                  (abs)        0000
__Lspace_4                  (abs)        0000
__Lstack                    stack        0000
__Lstrings                  strings      0000
__Ltext                     text         0000
__S0                        (abs)        0800
__S1                        (abs)        007E
__S2                        (abs)        0000
__S3                        (abs)        0000
___awdiv                    text6        055B
___awdiv@counter            cstackCOMMON 0075
___awdiv@dividend           cstackCOMMON 0072
___awdiv@divisor            cstackCOMMON 0070
___awdiv@quotient           cstackCOMMON 0077
___awdiv@sign               cstackCOMMON 0076
___int_sp                   stack        0000
___latbits                  (abs)        0002
___lwdiv                    text5        0517
___lwdiv@counter            cstackCOMMON 0077
___lwdiv@dividend           cstackCOMMON 0072
___lwdiv@divisor            cstackCOMMON 0070
___lwdiv@quotient           cstackCOMMON 0075
___lwmod                    text4        04DD
___lwmod@counter            cstackCOMMON 007D
___lwmod@dividend           cstackCOMMON 007A
___lwmod@divisor            cstackCOMMON 0078
___sp                       stack        0000
___stackhi                  (abs)        0000
___stacklo                  (abs)        0000
__end_of_I2C_ACK            text11       03FC
__end_of_I2C_Master_Init    text17       041E
__end_of_I2C_Master_Stop    text15       03F3
__end_of_I2C_Master_Wait    text16       042B
__end_of_I2C_Master_Write   text14       044A
__end_of_I2C_NACK           text10       0405
__end_of_I2C_Read           text9        0481
__end_of_I2C_Start          text13       045A
__end_of_MPU6050_Init       text12       065F
__end_of_MPU6050_Read       text2        0714
__end_of_UART_TX_Init       text1        043A
__end_of_UART_Write         text8        0411
__end_of_UART_Write_String  text7        04DD
__end_of___awdiv            text6        05C2
__end_of___lwdiv            text5        055B
__end_of___lwmod            text4        0517
__end_of__initialization    cinit        07FC
__end_of__stringtab         strings      0009
__end_of_dpowers            strings      0013
__end_of_main               maintext     04AE
__end_of_sprintf            text3        07FC
__initialization            cinit        07FC
__pcstackBANK0              cstackBANK0  0020
__pcstackCOMMON             cstackCOMMON 0070
__pmaintext                 maintext     0481
__pstrings                  strings      0003
__ptext1                    text1        042B
__ptext10                   text10       03FC
__ptext11                   text11       03F3
__ptext12                   text12       05C2
__ptext13                   text13       044A
__ptext14                   text14       043A
__ptext15                   text15       03EA
__ptext16                   text16       041E
__ptext17                   text17       0411
__ptext2                    text2        065F
__ptext3                    text3        0714
__ptext4                    text4        04DD
__ptext5                    text5        0517
__ptext6                    text6        055B
__ptext7                    text7        04AE
__ptext8                    text8        0405
__ptext9                    text9        045A
__size_of_I2C_ACK           (abs)        0000
__size_of_I2C_Master_Init   (abs)        0000
__size_of_I2C_Master_Stop   (abs)        0000
__size_of_I2C_Master_Wait   (abs)        0000
__size_of_I2C_Master_Write  (abs)        0000
__size_of_I2C_NACK          (abs)        0000
__size_of_I2C_Read          (abs)        0000
__size_of_I2C_Start         (abs)        0000
__size_of_MPU6050_Init      (abs)        0000
__size_of_MPU6050_Read      (abs)        0000
__size_of_UART_TX_Init      (abs)        0000
__size_of_UART_Write        (abs)        0000
__size_of_UART_Write_String (abs)        0000
__size_of___awdiv           (abs)        0000
__size_of___lwdiv           (abs)        0000
__size_of___lwmod           (abs)        0000
__size_of_main              (abs)        0000
__size_of_sprintf           (abs)        0000
__stringbase                strings      0008
__stringtab                 strings      0003
_dpowers                    strings      0009
_main                       maintext     0481
_sprintf                    text3        0714
btemp                       (abs)        007E
end_of_initialization       cinit        07FC
intlevel0                   functab      0000
intlevel1                   functab      0000
intlevel2                   functab      0000
intlevel3                   functab      0000
intlevel4                   functab      0000
intlevel5                   functab      0000
reset_vec                   reset_vec    0000
sprintf@ap                  cstackBANK0  0026
sprintf@c                   cstackBANK0  002C
sprintf@f                   cstackBANK0  0020
sprintf@flag                cstackBANK0  0027
sprintf@prec                cstackBANK0  0028
sprintf@sp                  cstackBANK0  002B
sprintf@val                 cstackBANK0  0029
start                       init         0000
start_initialization        cinit        07FC
wtemp0                      (abs)        007E


FUNCTION INFORMATION:

 *************** function _main *****************
 Defined at:
		line 54 in file "main.c"
 Parameters:    Size  Location     Type
		None
 Auto vars:     Size  Location     Type
		None
 Return value:  Size  Location     Type
                  1    wreg      void 
 Registers used:
		wreg, fsr0l, fsr0h, status,2, status,0, btemp+1, pclath, cstack
 Tracked objects:
		On entry : 
		On exit  : 
		Unchanged: 
 Data sizes:     COMMON   BANK0   BANK1   BANK3   BANK2
      Params:         0       0       0       0       0
      Locals:         0       0       0       0       0
      Temps:          0       3       0       0       0
      Totals:         0       3       0       0       0
Total ram usage:        3 bytes
 Hardware stack levels required when called:    4
 This function calls:
		_MPU6050_Init
		_MPU6050_Read
		_UART_TX_Init
 This function is called by:
		Startup code after reset
 This function uses a non-reentrant model


 *************** function _UART_TX_Init *****************
 Defined at:
		line 17 in file "USART.c"
 Parameters:    Size  Location     Type
		None
 Auto vars:     Size  Location     Type
		None
 Return value:  Size  Location     Type
                  1    wreg      void 
 Registers used:
		wreg
 Tracked objects:
		On entry : 
		On exit  : 
		Unchanged: 
 Data sizes:     COMMON   BANK0   BANK1   BANK3   BANK2
      Params:         0       0       0       0       0
      Locals:         0       0       0       0       0
      Temps:          0       0       0       0       0
      Totals:         0       0       0       0       0
Total ram usage:        0 bytes
 Hardware stack levels used:    1
 This function calls:
		Nothing
 This function is called by:
		_main
 This function uses a non-reentrant model


 *************** function _MPU6050_Read *****************
 Defined at:
		line 62 in file "MPU.c"
 Parameters:    Size  Location     Type
		None
 Auto vars:     Size  Location     Type
  buffer         40   17[BANK0 ] unsigned char [40]
  Ay              2   69[BANK0 ] int 
  Gz              2    0        int 
  Gy              2    0        int 
  Gx              2    0        int 
  T               2    0        int 
  Az              2    0        int 
  Ax              2    0        int 
 Return value:  Size  Location     Type
                  1    wreg      void 
 Registers used:
		wreg, fsr0l, fsr0h, status,2, status,0, btemp+1, pclath, cstack
 Tracked objects:
		On entry : 
		On exit  : 
		Unchanged: 
 Data sizes:     COMMON   BANK0   BANK1   BANK3   BANK2
      Params:         0       0       0       0       0
      Locals:         0      54       0       0       0
      Temps:          0       4       0       0       0
      Totals:         0      58       0       0       0
Total ram usage:       58 bytes
 Hardware stack levels used:    1
 Hardware stack levels required when called:    3
 This function calls:
		_I2C_Master_Stop
		_I2C_Master_Write
		_I2C_Read
		_I2C_Start
		_UART_Write_String
		___awdiv
		_sprintf
 This function is called by:
		_main
 This function uses a non-reentrant model


 *************** function _sprintf *****************
 Defined at:
		line 505 in file "C:\Program Files\Microchip\xc8\v2.31\pic\sources\c90\common\doprnt.c"
 Parameters:    Size  Location     Type
  sp              1    wreg     PTR unsigned char 
		 -> MPU6050_Read@buffer(40), 
  f               1    0[BANK0 ] PTR const unsigned char 
		 -> STR_1(13), 
 Auto vars:     Size  Location     Type
  sp              1   11[BANK0 ] PTR unsigned char 
		 -> MPU6050_Read@buffer(40), 
  tmpval          4    0        struct .
  val             2    9[BANK0 ] unsigned int 
  cp              2    0        PTR const unsigned char 
  len             2    0        unsigned int 
  c               1   12[BANK0 ] unsigned char 
  prec            1    8[BANK0 ] char 
  flag            1    7[BANK0 ] unsigned char 
  ap              1    6[BANK0 ] PTR void [1]
		 -> ?_sprintf(2), 
 Return value:  Size  Location     Type
                  2    0[BANK0 ] int 
 Registers used:
		wreg, fsr0l, fsr0h, status,2, status,0, btemp+1, pclath, cstack
 Tracked objects:
		On entry : 
		On exit  : 
		Unchanged: 
 Data sizes:     COMMON   BANK0   BANK1   BANK3   BANK2
      Params:         0       3       0       0       0
      Locals:         0       7       0       0       0
      Temps:          0       3       0       0       0
      Totals:         0      13       0       0       0
Total ram usage:       13 bytes
 Hardware stack levels used:    1
 Hardware stack levels required when called:    1
 This function calls:
		___lwdiv
		___lwmod
 This function is called by:
		_MPU6050_Read
 This function uses a non-reentrant model


 *************** function ___lwmod *****************
 Defined at:
		line 5 in file "C:\Program Files\Microchip\xc8\v2.31\pic\sources\c90\common\lwmod.c"
 Parameters:    Size  Location     Type
  divisor         2    8[COMMON] unsigned int 
  dividend        2   10[COMMON] unsigned int 
 Auto vars:     Size  Location     Type
  counter         1   13[COMMON] unsigned char 
 Return value:  Size  Location     Type
                  2    8[COMMON] unsigned int 
 Registers used:
		wreg, status,2, status,0
 Tracked objects:
		On entry : 
		On exit  : 
		Unchanged: 
 Data sizes:     COMMON   BANK0   BANK1   BANK3   BANK2
      Params:         4       0       0       0       0
      Locals:         1       0       0       0       0
      Temps:          1       0       0       0       0
      Totals:         6       0       0       0       0
Total ram usage:        6 bytes
 Hardware stack levels used:    1
 This function calls:
		Nothing
 This function is called by:
		_sprintf
 This function uses a non-reentrant model


 *************** function ___lwdiv *****************
 Defined at:
		line 5 in file "C:\Program Files\Microchip\xc8\v2.31\pic\sources\c90\common\lwdiv.c"
 Parameters:    Size  Location     Type
  divisor         2    0[COMMON] unsigned int 
  dividend        2    2[COMMON] unsigned int 
 Auto vars:     Size  Location     Type
  quotient        2    5[COMMON] unsigned int 
  counter         1    7[COMMON] unsigned char 
 Return value:  Size  Location     Type
                  2    0[COMMON] unsigned int 
 Registers used:
		wreg, status,2, status,0
 Tracked objects:
		On entry : 
		On exit  : 
		Unchanged: 
 Data sizes:     COMMON   BANK0   BANK1   BANK3   BANK2
      Params:         4       0       0       0       0
      Locals:         3       0       0       0       0
      Temps:          1       0       0       0       0
      Totals:         8       0       0       0       0
Total ram usage:        8 bytes
 Hardware stack levels used:    1
 This function calls:
		Nothing
 This function is called by:
		_sprintf
 This function uses a non-reentrant model


 *************** function ___awdiv *****************
 Defined at:
		line 5 in file "C:\Program Files\Microchip\xc8\v2.31\pic\sources\c90\common\awdiv.c"
 Parameters:    Size  Location     Type
  divisor         2    0[COMMON] int 
  dividend        2    2[COMMON] int 
 Auto vars:     Size  Location     Type
  quotient        2    7[COMMON] int 
  sign            1    6[COMMON] unsigned char 
  counter         1    5[COMMON] unsigned char 
 Return value:  Size  Location     Type
                  2    0[COMMON] int 
 Registers used:
		wreg, status,2, status,0
 Tracked objects:
		On entry : 
		On exit  : 
		Unchanged: 
 Data sizes:     COMMON   BANK0   BANK1   BANK3   BANK2
      Params:         4       0       0       0       0
      Locals:         4       0       0       0       0
      Temps:          1       0       0       0       0
      Totals:         9       0       0       0       0
Total ram usage:        9 bytes
 Hardware stack levels used:    1
 This function calls:
		Nothing
 This function is called by:
		_MPU6050_Read
 This function uses a non-reentrant model


 *************** function _UART_Write_String *****************
 Defined at:
		line 36 in file "USART.c"
 Parameters:    Size  Location     Type
  buf             2    1[COMMON] PTR unsigned char 
		 -> RAM(512), 
 Auto vars:     Size  Location     Type
  i               2    5[COMMON] int 
 Return value:  Size  Location     Type
                  1    wreg      void 
 Registers used:
		wreg, fsr0l, fsr0h, status,2, status,0, pclath, cstack
 Tracked objects:
		On entry : 
		On exit  : 
		Unchanged: 
 Data sizes:     COMMON   BANK0   BANK1   BANK3   BANK2
      Params:         2       0       0       0       0
      Locals:         2       0       0       0       0
      Temps:          2       0       0       0       0
      Totals:         6       0       0       0       0
Total ram usage:        6 bytes
 Hardware stack levels used:    1
 Hardware stack levels required when called:    1
 This function calls:
		_UART_Write
 This function is called by:
		_MPU6050_Read
 This function uses a non-reentrant model


 *************** function _UART_Write *****************
 Defined at:
		line 30 in file "USART.c"
 Parameters:    Size  Location     Type
  data            1    wreg     unsigned char 
 Auto vars:     Size  Location     Type
  data            1    0[COMMON] unsigned char 
 Return value:  Size  Location     Type
                  1    wreg      void 
 Registers used:
		wreg
 Tracked objects:
		On entry : 
		On exit  : 
		Unchanged: 
 Data sizes:     COMMON   BANK0   BANK1   BANK3   BANK2
      Params:         0       0       0       0       0
      Locals:         1       0       0       0       0
      Temps:          0       0       0       0       0
      Totals:         1       0       0       0       0
Total ram usage:        1 bytes
 Hardware stack levels used:    1
 This function calls:
		Nothing
 This function is called by:
		_UART_Write_String
 This function uses a non-reentrant model


 *************** function _I2C_Read *****************
 Defined at:
		line 89 in file "I2c.c"
 Parameters:    Size  Location     Type
  ACK_NACK        1    wreg     unsigned char 
 Auto vars:     Size  Location     Type
  ACK_NACK        1    1[COMMON] unsigned char 
  Data            1    2[COMMON] unsigned char 
 Return value:  Size  Location     Type
                  1    wreg      unsigned char 
 Registers used:
		wreg, status,2, status,0, pclath, cstack
 Tracked objects:
		On entry : 
		On exit  : 
		Unchanged: 
 Data sizes:     COMMON   BANK0   BANK1   BANK3   BANK2
      Params:         0       0       0       0       0
      Locals:         2       0       0       0       0
      Temps:          1       0       0       0       0
      Totals:         3       0       0       0       0
Total ram usage:        3 bytes
 Hardware stack levels used:    1
 Hardware stack levels required when called:    1
 This function calls:
		_I2C_ACK
		_I2C_NACK
 This function is called by:
		_MPU6050_Read
 This function uses a non-reentrant model


 *************** function _I2C_NACK *****************
 Defined at:
		line 62 in file "I2c.c"
 Parameters:    Size  Location     Type
		None
 Auto vars:     Size  Location     Type
		None
 Return value:  Size  Location     Type
                  1    wreg      void 
 Registers used:
		None
 Tracked objects:
		On entry : 
		On exit  : 
		Unchanged: 
 Data sizes:     COMMON   BANK0   BANK1   BANK3   BANK2
      Params:         0       0       0       0       0
      Locals:         0       0       0       0       0
      Temps:          0       0       0       0       0
      Totals:         0       0       0       0       0
Total ram usage:        0 bytes
 Hardware stack levels used:    1
 This function calls:
		Nothing
 This function is called by:
		_I2C_Read
 This function uses a non-reentrant model


 *************** function _I2C_ACK *****************
 Defined at:
		line 55 in file "I2c.c"
 Parameters:    Size  Location     Type
		None
 Auto vars:     Size  Location     Type
		None
 Return value:  Size  Location     Type
                  1    wreg      void 
 Registers used:
		None
 Tracked objects:
		On entry : 
		On exit  : 
		Unchanged: 
 Data sizes:     COMMON   BANK0   BANK1   BANK3   BANK2
      Params:         0       0       0       0       0
      Locals:         0       0       0       0       0
      Temps:          0       0       0       0       0
      Totals:         0       0       0       0       0
Total ram usage:        0 bytes
 Hardware stack levels used:    1
 This function calls:
		Nothing
 This function is called by:
		_I2C_Read
 This function uses a non-reentrant model


 *************** function _MPU6050_Init *****************
 Defined at:
		line 19 in file "MPU.c"
 Parameters:    Size  Location     Type
		None
 Auto vars:     Size  Location     Type
		None
 Return value:  Size  Location     Type
                  1    wreg      void 
 Registers used:
		wreg, status,2, status,0, pclath, cstack
 Tracked objects:
		On entry : 
		On exit  : 
		Unchanged: 
 Data sizes:     COMMON   BANK0   BANK1   BANK3   BANK2
      Params:         0       0       0       0       0
      Locals:         0       0       0       0       0
      Temps:          3       0       0       0       0
      Totals:         3       0       0       0       0
Total ram usage:        3 bytes
 Hardware stack levels used:    1
 Hardware stack levels required when called:    3
 This function calls:
		_I2C_Master_Init
		_I2C_Master_Stop
		_I2C_Master_Write
		_I2C_Start
 This function is called by:
		_main
 This function uses a non-reentrant model


 *************** function _I2C_Start *****************
 Defined at:
		line 36 in file "I2c.c"
 Parameters:    Size  Location     Type
  add             1    wreg     unsigned char 
 Auto vars:     Size  Location     Type
  add             1    1[COMMON] unsigned char 
 Return value:  Size  Location     Type
                  1    wreg      void 
 Registers used:
		wreg, status,2, status,0, pclath, cstack
 Tracked objects:
		On entry : 
		On exit  : 
		Unchanged: 
 Data sizes:     COMMON   BANK0   BANK1   BANK3   BANK2
      Params:         0       0       0       0       0
      Locals:         1       0       0       0       0
      Temps:          0       0       0       0       0
      Totals:         1       0       0       0       0
Total ram usage:        1 bytes
 Hardware stack levels used:    1
 Hardware stack levels required when called:    2
 This function calls:
		_I2C_Master_Wait
		_I2C_Master_Write
 This function is called by:
		_MPU6050_Init
		_MPU6050_Read
 This function uses a non-reentrant model


 *************** function _I2C_Master_Write *****************
 Defined at:
		line 69 in file "I2c.c"
 Parameters:    Size  Location     Type
  data            1    wreg     unsigned char 
 Auto vars:     Size  Location     Type
  data            1    0[COMMON] unsigned char 
 Return value:  Size  Location     Type
                  1    wreg      unsigned char 
 Registers used:
		wreg, status,2, status,0, pclath, cstack
 Tracked objects:
		On entry : 
		On exit  : 
		Unchanged: 
 Data sizes:     COMMON   BANK0   BANK1   BANK3   BANK2
      Params:         0       0       0       0       0
      Locals:         1       0       0       0       0
      Temps:          0       0       0       0       0
      Totals:         1       0       0       0       0
Total ram usage:        1 bytes
 Hardware stack levels used:    1
 Hardware stack levels required when called:    1
 This function calls:
		_I2C_Master_Wait
 This function is called by:
		_MPU6050_Init
		_MPU6050_Read
		_I2C_Start
 This function uses a non-reentrant model


 *************** function _I2C_Master_Stop *****************
 Defined at:
		line 49 in file "I2c.c"
 Parameters:    Size  Location     Type
		None
 Auto vars:     Size  Location     Type
		None
 Return value:  Size  Location     Type
                  1    wreg      void 
 Registers used:
		wreg, status,2, status,0, pclath, cstack
 Tracked objects:
		On entry : 
		On exit  : 
		Unchanged: 
 Data sizes:     COMMON   BANK0   BANK1   BANK3   BANK2
      Params:         0       0       0       0       0
      Locals:         0       0       0       0       0
      Temps:          0       0       0       0       0
      Totals:         0       0       0       0       0
Total ram usage:        0 bytes
 Hardware stack levels used:    1
 Hardware stack levels required when called:    1
 This function calls:
		_I2C_Master_Wait
 This function is called by:
		_MPU6050_Init
		_MPU6050_Read
 This function uses a non-reentrant model


 *************** function _I2C_Master_Wait *****************
 Defined at:
		line 25 in file "I2c.c"
 Parameters:    Size  Location     Type
		None
 Auto vars:     Size  Location     Type
		None
 Return value:  Size  Location     Type
                  1    wreg      void 
 Registers used:
		wreg, status,2
 Tracked objects:
		On entry : 
		On exit  : 
		Unchanged: 
 Data sizes:     COMMON   BANK0   BANK1   BANK3   BANK2
      Params:         0       0       0       0       0
      Locals:         0       0       0       0       0
      Temps:          0       0       0       0       0
      Totals:         0       0       0       0       0
Total ram usage:        0 bytes
 Hardware stack levels used:    1
 This function calls:
		Nothing
 This function is called by:
		_I2C_Start
		_I2C_Master_Stop
		_I2C_Master_Write
		_I2C_Master_Start
		_I2C_Master_RepeatedStart
		_I2C_Read_Byte
 This function uses a non-reentrant model


 *************** function _I2C_Master_Init *****************
 Defined at:
		line 15 in file "I2c.c"
 Parameters:    Size  Location     Type
		None
 Auto vars:     Size  Location     Type
		None
 Return value:  Size  Location     Type
                  1    wreg      void 
 Registers used:
		wreg, status,2
 Tracked objects:
		On entry : 
		On exit  : 
		Unchanged: 
 Data sizes:     COMMON   BANK0   BANK1   BANK3   BANK2
      Params:         0       0       0       0       0
      Locals:         0       0       0       0       0
      Temps:          0       0       0       0       0
      Totals:         0       0       0       0       0
Total ram usage:        0 bytes
 Hardware stack levels used:    1
 This function calls:
		Nothing
 This function is called by:
		_MPU6050_Init
 This function uses a non-reentrant model



MODULE INFORMATION

Module		Function		Class		Link	Load	Size
USART.c
		_UART_Write_String		CODE           	04AE	0000	47
		_UART_Write    		CODE           	0405	0000	12
		_UART_TX_Init  		CODE           	042B	0000	15

USART.c estimated size: 74

MPU.c
		_MPU6050_Read  		CODE           	065F	0000	181
		_MPU6050_Init  		CODE           	05C2	0000	157

MPU.c estimated size: 338

C:\Program Files\Microchip\xc8\v2.31\pic\sources\c90\common\doprnt.c
		_sprintf       		CODE           	0714	0000	232

C:\Program Files\Microchip\xc8\v2.31\pic\sources\c90\common\doprnt.c estimated size: 232

C:\Program Files\Microchip\xc8\v2.31\pic\sources\c90\common\lwmod.c
		___lwmod       		CODE           	04DD	0000	58

C:\Program Files\Microchip\xc8\v2.31\pic\sources\c90\common\lwmod.c estimated size: 58

I2c.c
		_I2C_Master_Wait		CODE           	041E	0000	13
		_I2C_Master_Init		CODE           	0411	0000	13
		_I2C_Master_Stop		CODE           	03EA	0000	9
		_I2C_Read      		CODE           	045A	0000	39
		_I2C_ACK       		CODE           	03F3	0000	9
		_I2C_Master_Write		CODE           	043A	0000	16
		_I2C_NACK      		CODE           	03FC	0000	9
		_I2C_Start     		CODE           	044A	0000	16

I2c.c estimated size: 124

C:\Program Files\Microchip\xc8\v2.31\pic\sources\c90\common\lwdiv.c
		___lwdiv       		CODE           	0517	0000	68

C:\Program Files\Microchip\xc8\v2.31\pic\sources\c90\common\lwdiv.c estimated size: 68

C:\Program Files\Microchip\xc8\v2.31\pic\sources\c90\common\awdiv.c
		___awdiv       		CODE           	055B	0000	103

C:\Program Files\Microchip\xc8\v2.31\pic\sources\c90\common\awdiv.c estimated size: 103

shared
		__stringtab    		STRING         	0003	0000	6
		_dpowers       		STRING         	0009	0000	10
		__initialization		CODE           	07FC	0000	1

shared estimated size: 17

main.c
		_main          		CODE           	0481	0000	45

main.c estimated size: 45

